Component: ARM Compiler 5.06 update 2 (build 183) Tool: armlink [4d35b7]

==============================================================================

Section Cross References

    main.o(i.Thread_IWDG) refers to stm32f10x_iwdg.o(i.IWDG_ReloadCounter) for IWDG_ReloadCounter
    main.o(i.Thread_IWDG) refers to rt_cmsis.o(i.osDelay) for osDelay
    main.o(i.main) refers to rt_cmsis.o(i.osKernelInitialize) for osKernelInitialize
    main.o(i.main) refers to stm32f10x_rcc.o(i.RCC_GetFlagStatus) for RCC_GetFlagStatus
    main.o(i.main) refers to stm32f10x_rcc.o(i.RCC_ClearFlag) for RCC_ClearFlag
    main.o(i.main) refers to iwdg.o(i.IWDG_Configuration) for IWDG_Configuration
    main.o(i.main) refers to rt_cmsis.o(i.osThreadCreate) for osThreadCreate
    main.o(i.main) refers to valve.o(i.Valve_Initialize) for Valve_Initialize
    main.o(i.main) refers to thread_led.o(i.Init_Thread_LED) for Init_Thread_LED
    main.o(i.main) refers to thread_usart.o(i.Init_Thread_USART) for Init_Thread_USART
    main.o(i.main) refers to rt_cmsis.o(i.osKernelStart) for osKernelStart
    main.o(i.main) refers to rt_cmsis.o(i.osDelay) for osDelay
    main.o(i.main) refers to main.o(.constdata) for os_thread_def_Thread_IWDG
    main.o(i.main) refers to main.o(.data) for tid_IWDG
    main.o(.constdata) refers to main.o(i.Thread_IWDG) for Thread_IWDG
    led.o(i.LED_Init) refers to stm32f10x_rcc.o(i.RCC_APB2PeriphClockCmd) for RCC_APB2PeriphClockCmd
    led.o(i.LED_Init) refers to stm32f10x_gpio.o(i.GPIO_Init) for GPIO_Init
    led.o(i.LED_Init) refers to stm32f10x_gpio.o(i.GPIO_SetBits) for GPIO_SetBits
    thread_led.o(i.Init_Thread_LED) refers to led.o(i.LED_Init) for LED_Init
    thread_led.o(i.Init_Thread_LED) refers to rt_cmsis.o(i.osThreadCreate) for osThreadCreate
    thread_led.o(i.Init_Thread_LED) refers to thread_led.o(.constdata) for os_thread_def_Thread_LED
    thread_led.o(i.Init_Thread_LED) refers to thread_led.o(.data) for tid_Thread_LED
    thread_led.o(i.Thread_LED) refers to rt_cmsis.o(i.osDelay) for osDelay
    thread_led.o(.constdata) refers to thread_led.o(i.Thread_LED) for Thread_LED
    iwdg.o(i.IWDG_Configuration) refers to stm32f10x_iwdg.o(i.IWDG_WriteAccessCmd) for IWDG_WriteAccessCmd
    iwdg.o(i.IWDG_Configuration) refers to stm32f10x_iwdg.o(i.IWDG_SetPrescaler) for IWDG_SetPrescaler
    iwdg.o(i.IWDG_Configuration) refers to stm32f10x_iwdg.o(i.IWDG_SetReload) for IWDG_SetReload
    iwdg.o(i.IWDG_Configuration) refers to stm32f10x_iwdg.o(i.IWDG_ReloadCounter) for IWDG_ReloadCounter
    iwdg.o(i.IWDG_Configuration) refers to stm32f10x_iwdg.o(i.IWDG_Enable) for IWDG_Enable
    thread_usart.o(i.Init_Thread_USART) refers to thread_usart.o(i.USART_Config) for USART_Config
    thread_usart.o(i.Init_Thread_USART) refers to rt_cmsis.o(i.osThreadCreate) for osThreadCreate
    thread_usart.o(i.Init_Thread_USART) refers to thread_usart.o(.constdata) for os_thread_def_Thread_USART
    thread_usart.o(i.Init_Thread_USART) refers to thread_usart.o(.data) for tid_Thread_USART
    thread_usart.o(i.ParseRecieve) refers to crc.o(i.crc16) for crc16
    thread_usart.o(i.ParseRecieve) refers to valve.o(i.ValveCtrl) for ValveCtrl
    thread_usart.o(i.ParseRecieve) refers to thread_usart.o(i.TX_U3_485) for TX_U3_485
    thread_usart.o(i.ParseRecieve) refers to thread_usart.o(.data) for U3RxBuf
    thread_usart.o(i.ParseRecieve) refers to valve.o(.data) for OnOffFlag
    thread_usart.o(i.TX_U3_485) refers to stm32f10x_gpio.o(i.GPIO_SetBits) for GPIO_SetBits
    thread_usart.o(i.TX_U3_485) refers to rt_cmsis.o(i.osDelay) for osDelay
    thread_usart.o(i.TX_U3_485) refers to stm32f10x_usart.o(i.USART_GetFlagStatus) for USART_GetFlagStatus
    thread_usart.o(i.TX_U3_485) refers to stm32f10x_usart.o(i.USART_SendData) for USART_SendData
    thread_usart.o(i.TX_U3_485) refers to stm32f10x_gpio.o(i.GPIO_ResetBits) for GPIO_ResetBits
    thread_usart.o(i.Thread_USART) refers to rt_cmsis.o(i.osSignalWait) for osSignalWait
    thread_usart.o(i.Thread_USART) refers to stm32f10x_usart.o(i.USART_ITConfig) for USART_ITConfig
    thread_usart.o(i.Thread_USART) refers to thread_usart.o(i.ParseRecieve) for ParseRecieve
    thread_usart.o(i.Thread_USART) refers to rt_cmsis.o(i.osDelay) for osDelay
    thread_usart.o(i.USART3_IRQHandler) refers to rt_cmsis.o(i.osSignalSet) for osSignalSet
    thread_usart.o(i.USART3_IRQHandler) refers to stm32f10x_usart.o(i.USART_GetFlagStatus) for USART_GetFlagStatus
    thread_usart.o(i.USART3_IRQHandler) refers to stm32f10x_usart.o(i.USART_ClearITPendingBit) for USART_ClearITPendingBit
    thread_usart.o(i.USART3_IRQHandler) refers to thread_usart.o(.data) for U3RecLen
    thread_usart.o(i.USART_Config) refers to stm32f10x_rcc.o(i.RCC_APB2PeriphClockCmd) for RCC_APB2PeriphClockCmd
    thread_usart.o(i.USART_Config) refers to stm32f10x_rcc.o(i.RCC_APB1PeriphClockCmd) for RCC_APB1PeriphClockCmd
    thread_usart.o(i.USART_Config) refers to stm32f10x_gpio.o(i.GPIO_Init) for GPIO_Init
[...]
    ..\rt_Robin.c                            0x00000000   Number         0  rt_robin.o ABSOLUTE
    ..\rt_Semaphore.c                        0x00000000   Number         0  rt_semaphore.o ABSOLUTE
    ..\rt_System.c                           0x00000000   Number         0  rt_system.o ABSOLUTE
    ..\rt_Task.c                             0x00000000   Number         0  rt_task.o ABSOLUTE
    ..\rt_Time.c                             0x00000000   Number         0  rt_time.o ABSOLUTE
    D:\Keil_v5\ARM\PACK\Keil\STM32F1xx_DFP\2.2.0\Device\StdPeriph_Driver\src\misc.c 0x00000000   Number         0  misc.o ABSOLUTE
    D:\Keil_v5\ARM\PACK\Keil\STM32F1xx_DFP\2.2.0\Device\StdPeriph_Driver\src\stm32f10x_gpio.c 0x00000000   Number         0  stm32f10x_gpio.o ABSOLUTE
    D:\Keil_v5\ARM\PACK\Keil\STM32F1xx_DFP\2.2.0\Device\StdPeriph_Driver\src\stm32f10x_iwdg.c 0x00000000   Number         0  stm32f10x_iwdg.o ABSOLUTE
    D:\Keil_v5\ARM\PACK\Keil\STM32F1xx_DFP\2.2.0\Device\StdPeriph_Driver\src\stm32f10x_rcc.c 0x00000000   Number         0  stm32f10x_rcc.o ABSOLUTE
    D:\Keil_v5\ARM\PACK\Keil\STM32F1xx_DFP\2.2.0\Device\StdPeriph_Driver\src\stm32f10x_usart.c 0x00000000   Number         0  stm32f10x_usart.o ABSOLUTE
    D:\Keil_v5\ARM\PACK\Keil\STM32F1xx_DFP\2.2.0\RTE_Driver\GPIO_STM32F10x.c 0x00000000   Number         0  gpio_stm32f10x.o ABSOLUTE
    D:\\Keil_v5\\ARM\\PACK\\Keil\\STM32F1xx_DFP\\2.2.0\\Device\\StdPeriph_Driver\\src\\misc.c 0x00000000   Number         0  misc.o ABSOLUTE
    D:\\Keil_v5\\ARM\\PACK\\Keil\\STM32F1xx_DFP\\2.2.0\\Device\\StdPeriph_Driver\\src\\stm32f10x_gpio.c 0x00000000   Number         0  stm32f10x_gpio.o ABSOLUTE
    D:\\Keil_v5\\ARM\\PACK\\Keil\\STM32F1xx_DFP\\2.2.0\\Device\\StdPeriph_Driver\\src\\stm32f10x_iwdg.c 0x00000000   Number         0  stm32f10x_iwdg.o ABSOLUTE
    D:\\Keil_v5\\ARM\\PACK\\Keil\\STM32F1xx_DFP\\2.2.0\\Device\\StdPeriph_Driver\\src\\stm32f10x_rcc.c 0x00000000   Number         0  stm32f10x_rcc.o ABSOLUTE
    D:\\Keil_v5\\ARM\\PACK\\Keil\\STM32F1xx_DFP\\2.2.0\\Device\\StdPeriph_Driver\\src\\stm32f10x_usart.c 0x00000000   Number         0  stm32f10x_usart.o ABSOLUTE
    D:\\Keil_v5\\ARM\\PACK\\Keil\\STM32F1xx_DFP\\2.2.0\\RTE_Driver\\GPIO_STM32F10x.c 0x00000000   Number         0  gpio_stm32f10x.o ABSOLUTE
    HAL_CM3.c                                0x00000000   Number         0  hal_cm3.o ABSOLUTE
    HAL_CM3.c                                0x00000000   Number         0  hal_cm3.o ABSOLUTE
    RTE\CMSIS\RTX_Conf_CM.c                  0x00000000   Number         0  rtx_conf_cm.o ABSOLUTE
    RTE\Device\STM32F103C8\startup_stm32f10x_md.s 0x00000000   Number         0  startup_stm32f10x_md.o ABSOLUTE
    RTE\Device\STM32F103C8\system_stm32f10x.c 0x00000000   Number         0  system_stm32f10x.o ABSOLUTE
    RTE\\CMSIS\\RTX_Conf_CM.c                0x00000000   Number         0  rtx_conf_cm.o ABSOLUTE
    RTE\\Device\\STM32F103C8\\system_stm32f10x.c 0x00000000   Number         0  system_stm32f10x.o ABSOLUTE
    SVC_Table.s                              0x00000000   Number         0  svc_table.o ABSOLUTE
    User\CRC.c                               0x00000000   Number         0  crc.o ABSOLUTE
    User\IWDG.c                              0x00000000   Number         0  iwdg.o ABSOLUTE
    User\Thread_LED.c                        0x00000000   Number         0  thread_led.o ABSOLUTE
    User\Thread_USART.c                      0x00000000   Number         0  thread_usart.o ABSOLUTE
    User\Valve.c                             0x00000000   Number         0  valve.o ABSOLUTE
    User\\IWDG.c                             0x00000000   Number         0  iwdg.o ABSOLUTE
    User\\Thread_LED.c                       0x00000000   Number         0  thread_led.o ABSOLUTE
    User\\Thread_USART.c                     0x00000000   Number         0  thread_usart.o ABSOLUTE
    User\\Valve.c                            0x00000000   Number         0  valve.o ABSOLUTE
    User\\led.c                              0x00000000   Number         0  led.o ABSOLUTE
    User\\main.c                             0x00000000   Number         0  main.o ABSOLUTE
    User\led.c                               0x00000000   Number         0  led.o ABSOLUTE
    User\main.c                              0x00000000   Number         0  main.o ABSOLUTE
    dc.s                                     0x00000000   Number         0  dc.o ABSOLUTE
    RESET                                    0x08000000   Section      236  startup_stm32f10x_md.o(RESET)
    !!!main                                  0x080000ec   Section        8  __main.o(!!!main)
    !!!scatter                               0x080000f4   Section       52  __scatter.o(!!!scatter)
    !!dczerorl2                              0x08000128   Section       90  __dczerorl2.o(!!dczerorl2)
    !!handler_zi                             0x08000184   Section       28  __scatter_zi.o(!!handler_zi)
    .ARM.Collect$$libinit$$00000000          0x080001a0   Section        2  libinit.o(.ARM.Collect$$libinit$$00000000)
    .ARM.Collect$$libinit$$00000002          0x080001a2   Section        0  libinit2.o(.ARM.Collect$$libinit$$00000002)
    .ARM.Collect$$libinit$$00000004          0x080001a2   Section        0  libinit2.o(.ARM.Collect$$libinit$$00000004)
    .ARM.Collect$$libinit$$0000000A          0x080001a2   Section        0  libinit2.o(.ARM.Collect$$libinit$$0000000A)
    .ARM.Collect$$libinit$$0000000C          0x080001a2   Section        0  libinit2.o(.ARM.Collect$$libinit$$0000000C)
    .ARM.Collect$$libinit$$0000000E          0x080001a2   Section        0  libinit2.o(.ARM.Collect$$libinit$$0000000E)
    .ARM.Collect$$libinit$$00000011          0x080001a2   Section        0  libinit2.o(.ARM.Collect$$libinit$$00000011)
    .ARM.Collect$$libinit$$00000013          0x080001a2   Section        0  libinit2.o(.ARM.Collect$$libinit$$00000013)
    .ARM.Collect$$libinit$$00000015          0x080001a2   Section        0  libinit2.o(.ARM.Collect$$libinit$$00000015)
    .ARM.Collect$$libinit$$00000017          0x080001a2   Section        0  libinit2.o(.ARM.Collect$$libinit$$00000017)
    .ARM.Collect$$libinit$$00000019          0x080001a2   Section        0  libinit2.o(.ARM.Collect$$libinit$$00000019)
    .ARM.Collect$$libinit$$0000001B          0x080001a2   Section        0  libinit2.o(.ARM.Collect$$libinit$$0000001B)
    .ARM.Collect$$libinit$$0000001D          0x080001a2   Section        0  libinit2.o(.ARM.Collect$$libinit$$0000001D)
    .ARM.Collect$$libinit$$0000001F          0x080001a2   Section        0  libinit2.o(.ARM.Collect$$libinit$$0000001F)
    .ARM.Collect$$libinit$$00000021          0x080001a2   Section        0  libinit2.o(.ARM.Collect$$libinit$$00000021)
    .ARM.Collect$$libinit$$00000023          0x080001a2   Section        0  libinit2.o(.ARM.Collect$$libinit$$00000023)
    .ARM.Collect$$libinit$$00000025          0x080001a2   Section        0  libinit2.o(.ARM.Collect$$libinit$$00000025)
    .ARM.Collect$$libinit$$0000002C          0x080001a2   Section        0  libinit2.o(.ARM.Collect$$libinit$$0000002C)
    .ARM.Collect$$libinit$$0000002E          0x080001a2   Section        0  libinit2.o(.ARM.Collect$$libinit$$0000002E)
    .ARM.Collect$$libinit$$00000030          0x080001a2   Section        0  libinit2.o(.ARM.Collect$$libinit$$00000030)
    .ARM.Collect$$libinit$$00000032          0x080001a2   Section        0  libinit2.o(.ARM.Collect$$libinit$$00000032)
    .ARM.Collect$$libinit$$00000033          0x080001a2   Section        2  libinit2.o(.ARM.Collect$$libinit$$00000033)
    .ARM.Collect$$libshutdown$$00000000      0x080001a4   Section        2  libshutdown.o(.ARM.Collect$$libshutdown$$00000000)
    .ARM.Collect$$libshutdown$$00000002      0x080001a6   Section        0  libshutdown2.o(.ARM.Collect$$libshutdown$$00000002)
    .ARM.Collect$$libshutdown$$00000004      0x080001a6   Section        0  libshutdown2.o(.ARM.Collect$$libshutdown$$00000004)
    .ARM.Collect$$libshutdown$$00000007      0x080001a6   Section        0  libshutdown2.o(.ARM.Collect$$libshutdown$$00000007)
    .ARM.Collect$$libshutdown$$0000000A      0x080001a6   Section        0  libshutdown2.o(.ARM.Collect$$libshutdown$$0000000A)
    .ARM.Collect$$libshutdown$$0000000C      0x080001a6   Section        0  libshutdown2.o(.ARM.Collect$$libshutdown$$0000000C)
    .ARM.Collect$$libshutdown$$0000000F      0x080001a6   Section        0  libshutdown2.o(.ARM.Collect$$libshutdown$$0000000F)
    .ARM.Collect$$libshutdown$$00000010      0x080001a6   Section        2  libshutdown2.o(.ARM.Collect$$libshutdown$$00000010)
    .ARM.Collect$$rtentry$$00000000          0x080001a8   Section        0  __rtentry.o(.ARM.Collect$$rtentry$$00000000)
    .ARM.Collect$$rtentry$$00000002          0x080001a8   Section        0  __rtentry2.o(.ARM.Collect$$rtentry$$00000002)
    .ARM.Collect$$rtentry$$00000004          0x080001a8   Section        6  __rtentry4.o(.ARM.Collect$$rtentry$$00000004)
    .ARM.Collect$$rtentry$$00000009          0x080001ae   Section        0  __rtentry2.o(.ARM.Collect$$rtentry$$00000009)
    .ARM.Collect$$rtentry$$0000000A          0x080001ae   Section        4  __rtentry2.o(.ARM.Collect$$rtentry$$0000000A)
    .ARM.Collect$$rtentry$$0000000B          0x080001b2   Section        8  __rtentry2.o(.ARM.Collect$$rtentry$$0000000B)
    .ARM.Collect$$rtentry$$0000000D          0x080001ba   Section        8  __rtentry2.o(.ARM.Collect$$rtentry$$0000000D)
    .ARM.Collect$$rtexit$$00000000           0x080001c2   Section        2  rtexit.o(.ARM.Collect$$rtexit$$00000000)
    .ARM.Collect$$rtexit$$00000002           0x080001c4   Section        0  rtexit2.o(.ARM.Collect$$rtexit$$00000002)
    .ARM.Collect$$rtexit$$00000003           0x080001c4   Section        4  rtexit2.o(.ARM.Collect$$rtexit$$00000003)
    .ARM.Collect$$rtexit$$00000004           0x080001c8   Section        6  rtexit2.o(.ARM.Collect$$rtexit$$00000004)
    .emb_text                                0x080001d0   Section       28  rtx_conf_cm.o(.emb_text)
    .emb_text                                0x080001ec   Section      304  hal_cm3.o(.emb_text)
    .text                                    0x0800031c   Section       64  startup_stm32f10x_md.o(.text)
    .text                                    0x0800035c   Section        8  libspace.o(.text)
    .text                                    0x08000364   Section        0  exit.o(.text)
    .text                                    0x08000376   Section        0  heapauxi.o(.text)
    .text                                    0x0800037c   Section        0  sys_exit.o(.text)
    .text                                    0x08000388   Section       74  sys_stackheap_outer.o(.text)
    .text                                    0x080003d2   Section        2  use_no_semi.o(.text)
    .text                                    0x080003d4   Section        0  indicate_semi.o(.text)
    SVC_TABLE                                0x080003d4   Section        4  svc_table.o(SVC_TABLE)
    i.GPIO_GetPortClockState                 0x080003d8   Section        0  gpio_stm32f10x.o(i.GPIO_GetPortClockState)
    i.GPIO_Init                              0x08000470   Section        0  stm32f10x_gpio.o(i.GPIO_Init)
    i.GPIO_PinConfigure                      0x08000586   Section        0  gpio_stm32f10x.o(i.GPIO_PinConfigure)
    i.GPIO_PinRemapConfig                    0x08000600   Section        0  stm32f10x_gpio.o(i.GPIO_PinRemapConfig)
    i.GPIO_PortClock                         0x08000690   Section        0  gpio_stm32f10x.o(i.GPIO_PortClock)
    i.GPIO_ResetBits                         0x080007cc   Section        0  stm32f10x_gpio.o(i.GPIO_ResetBits)
    i.GPIO_SetBits                           0x080007d0   Section        0  stm32f10x_gpio.o(i.GPIO_SetBits)
    i.IWDG_Configuration                     0x080007d4   Section        0  iwdg.o(i.IWDG_Configuration)
    i.IWDG_Enable                            0x080007f8   Section        0  stm32f10x_iwdg.o(i.IWDG_Enable)
    i.IWDG_ReloadCounter                     0x08000808   Section        0  stm32f10x_iwdg.o(i.IWDG_ReloadCounter)
    i.IWDG_SetPrescaler                      0x08000818   Section        0  stm32f10x_iwdg.o(i.IWDG_SetPrescaler)
    i.IWDG_SetReload                         0x08000824   Section        0  stm32f10x_iwdg.o(i.IWDG_SetReload)
    i.IWDG_WriteAccessCmd                    0x08000830   Section        0  stm32f10x_iwdg.o(i.IWDG_WriteAccessCmd)
    i.Init_Thread_LED                        0x0800083c   Section        0  thread_led.o(i.Init_Thread_LED)
    i.Init_Thread_USART                      0x08000868   Section        0  thread_usart.o(i.Init_Thread_USART)
    i.LED_Init                               0x08000894   Section        0  led.o(i.LED_Init)
    i.NVIC_Init                              0x080008cc   Section        0  misc.o(i.NVIC_Init)
    i.NVIC_PriorityGroupConfig               0x0800093c   Section        0  misc.o(i.NVIC_PriorityGroupConfig)
    i.ParseRecieve                           0x08000950   Section        0  thread_usart.o(i.ParseRecieve)
    i.RCC_APB1PeriphClockCmd                 0x080009f8   Section        0  stm32f10x_rcc.o(i.RCC_APB1PeriphClockCmd)
    i.RCC_APB1PeriphResetCmd                 0x08000a18   Section        0  stm32f10x_rcc.o(i.RCC_APB1PeriphResetCmd)
    i.RCC_APB2PeriphClockCmd                 0x08000a38   Section        0  stm32f10x_rcc.o(i.RCC_APB2PeriphClockCmd)
    i.RCC_APB2PeriphResetCmd                 0x08000a58   Section        0  stm32f10x_rcc.o(i.RCC_APB2PeriphResetCmd)
    i.RCC_ClearFlag                          0x08000a78   Section        0  stm32f10x_rcc.o(i.RCC_ClearFlag)
    i.RCC_GetClocksFreq                      0x08000a8c   Section        0  stm32f10x_rcc.o(i.RCC_GetClocksFreq)
    i.RCC_GetFlagStatus                      0x08000b60   Section        0  stm32f10x_rcc.o(i.RCC_GetFlagStatus)
    i.SetSysClock                            0x08000b9c   Section        0  system_stm32f10x.o(i.SetSysClock)
    SetSysClock                              0x08000b9d   Thumb Code     8  system_stm32f10x.o(i.SetSysClock)
    i.SetSysClockTo72                        0x08000ba4   Section        0  system_stm32f10x.o(i.SetSysClockTo72)
    SetSysClockTo72                          0x08000ba5   Thumb Code   214  system_stm32f10x.o(i.SetSysClockTo72)
    i.SystemInit                             0x08000c84   Section        0  system_stm32f10x.o(i.SystemInit)
    i.TX_U3_485                              0x08000ce4   Section        0  thread_usart.o(i.TX_U3_485)
    i.Thread_IWDG                            0x08000d3c   Section        0  main.o(i.Thread_IWDG)
    i.Thread_LED                             0x08000d4c   Section        0  thread_led.o(i.Thread_LED)
    i.Thread_USART                           0x08000d68   Section        0  thread_usart.o(i.Thread_USART)
    i.USART3_IRQHandler                      0x08000da4   Section        0  thread_usart.o(i.USART3_IRQHandler)
    i.USART_ClearFlag                        0x08000ec0   Section        0  stm32f10x_usart.o(i.USART_ClearFlag)
    i.USART_ClearITPendingBit                0x08000ed2   Section        0  stm32f10x_usart.o(i.USART_ClearITPendingBit)
    i.USART_Cmd                              0x08000ef0   Section        0  stm32f10x_usart.o(i.USART_Cmd)
    i.USART_Config                           0x08000f08   Section        0  thread_usart.o(i.USART_Config)
    i.USART_DeInit                           0x08001000   Section        0  stm32f10x_usart.o(i.USART_DeInit)
    i.USART_GetFlagStatus                    0x0800109c   Section        0  stm32f10x_usart.o(i.USART_GetFlagStatus)
    i.USART_ITConfig                         0x080010b6   Section        0  stm32f10x_usart.o(i.USART_ITConfig)
    i.USART_Init                             0x08001100   Section        0  stm32f10x_usart.o(i.USART_Init)
    i.USART_SendData                         0x080011d8   Section        0  stm32f10x_usart.o(i.USART_SendData)
    i.ValveCtrl                              0x080011e0   Section        0  valve.o(i.ValveCtrl)
    i.Valve_Initialize                       0x0800122c   Section        0  valve.o(i.Valve_Initialize)
    i.Valve_Off                              0x0800129c   Section        0  valve.o(i.Valve_Off)
    i.Valve_On                               0x080012cc   Section        0  valve.o(i.Valve_On)
    i.Valve_Set                              0x080012fc   Section        0  valve.o(i.Valve_Set)
    i.Valve_SetOut                           0x08001316   Section        0  valve.o(i.Valve_SetOut)
    i._init_box                              0x0800133e   Section        0  rt_membox.o(i._init_box)
    i._mutex_acquire                         0x08001384   Section        0  rtx_conf_cm.o(i._mutex_acquire)
    __tagsym$$used                           0x08001385   Number         0  rtx_conf_cm.o(i._mutex_acquire)
    i._mutex_release                         0x080013a4   Section        0  rtx_conf_cm.o(i._mutex_release)
    __tagsym$$used                           0x080013a5   Number         0  rtx_conf_cm.o(i._mutex_release)
    i.crc16                                  0x080013c0   Section        0  crc.o(i.crc16)
    i.dbg_init                               0x080013f8   Section        0  hal_cm.o(i.dbg_init)
    i.dbg_task_notify                        0x08001428   Section        0  hal_cm.o(i.dbg_task_notify)
    i.dbg_task_switch                        0x08001448   Section        0  hal_cm.o(i.dbg_task_switch)
    i.isrMessageGet                          0x08001458   Section        0  rt_cmsis.o(i.isrMessageGet)
    i.isrMessagePut                          0x08001482   Section        0  rt_cmsis.o(i.isrMessagePut)
    i.isrSignalSet                           0x080014ae   Section        0  rt_cmsis.o(i.isrSignalSet)
    i.isr_evt_set                            0x080014d4   Section        0  rt_event.o(i.isr_evt_set)
    i.isr_mbx_receive                        0x080014fc   Section        0  rt_mailbox.o(i.isr_mbx_receive)
    i.isr_mbx_send                           0x08001552   Section        0  rt_mailbox.o(i.isr_mbx_send)
    i.main                                   0x08001560   Section        0  main.o(i.main)
    i.osDelay                                0x080015a4   Section        0  rt_cmsis.o(i.osDelay)
    i.osKernelInitialize                     0x080015bc   Section        0  rt_cmsis.o(i.osKernelInitialize)
    i.osKernelStart                          0x080015e0   Section        0  rt_cmsis.o(i.osKernelStart)
    i.osMessageGet                           0x0800164c   Section        0  rt_cmsis.o(i.osMessageGet)
    i.osSignalSet                            0x08001664   Section        0  rt_cmsis.o(i.osSignalSet)
    i.osSignalWait                           0x0800167c   Section        0  rt_cmsis.o(i.osSignalWait)
    i.osThreadCreate                         0x08001694   Section        0  rt_cmsis.o(i.osThreadCreate)
    i.osThreadExit                           0x080016c0   Section        0  rt_cmsis.o(i.osThreadExit)
    i.osTimerCall                            0x080016d8   Section        0  rt_cmsis.o(i.osTimerCall)
    i.osTimerThread                          0x080016e4   Section        0  rt_cmsis.o(i.osTimerThread)
    i.os_error                               0x08001710   Section        0  rtx_conf_cm.o(i.os_error)
    i.os_idle_demon                          0x08001732   Section        0  rtx_conf_cm.o(i.os_idle_demon)
    i.os_tick_init                           0x08001738   Section        0  rt_system.o(i.os_tick_init)
    i.os_tick_irqack                         0x08001760   Section        0  rt_system.o(i.os_tick_irqack)
    i.rt_alloc_box                           0x08001762   Section        0  rt_membox.o(i.rt_alloc_box)
    i.rt_alloc_mem                           0x0800177c   Section        0  rt_memory.o(i.rt_alloc_mem)
    i.rt_block                               0x080017bc   Section        0  rt_task.o(i.rt_block)
    i.rt_chk_robin                           0x080017f4   Section        0  rt_robin.o(i.rt_chk_robin)
    i.rt_dec_dly                             0x0800183c   Section        0  rt_list.o(i.rt_dec_dly)
    i.rt_dispatch                            0x080018ac   Section        0  rt_task.o(i.rt_dispatch)
    i.rt_dly_wait                            0x080018f0   Section        0  rt_time.o(i.rt_dly_wait)
    i.rt_evt_psh                             0x080018f8   Section        0  rt_event.o(i.rt_evt_psh)
    i.rt_evt_set                             0x08001948   Section        0  rt_event.o(i.rt_evt_set)
    i.rt_evt_wait                            0x080019a4   Section        0  rt_event.o(i.rt_evt_wait)
    i.rt_free_box                            0x080019e0   Section        0  rt_membox.o(i.rt_free_box)
    i.rt_free_mem                            0x08001a0c   Section        0  rt_memory.o(i.rt_free_mem)
    i.rt_get_first                           0x08001a34   Section        0  rt_list.o(i.rt_get_first)
    i.rt_id2obj                              0x08001a5c   Section        0  rt_cmsis.o(i.rt_id2obj)
    rt_id2obj                                0x08001a5d   Thumb Code     8  rt_cmsis.o(i.rt_id2obj)
    i.rt_init_context                        0x08001a64   Section        0  rt_task.o(i.rt_init_context)
    rt_init_context                          0x08001a65   Thumb Code    66  rt_task.o(i.rt_init_context)
    i.rt_init_mem                            0x08001aac   Section        0  rt_memory.o(i.rt_init_mem)
    i.rt_init_robin                          0x08001ac8   Section        0  rt_robin.o(i.rt_init_robin)
    i.rt_init_stack                          0x08001ae0   Section        0  hal_cm.o(i.rt_init_stack)
    i.rt_mbx_check                           0x08001b60   Section        0  rt_mailbox.o(i.rt_mbx_check)
    i.rt_mbx_init                            0x08001b68   Section        0  rt_mailbox.o(i.rt_mbx_init)
    i.rt_mbx_psh                             0x08001b84   Section        0  rt_mailbox.o(i.rt_mbx_psh)
    i.rt_mbx_wait                            0x08001c74   Section        0  rt_mailbox.o(i.rt_mbx_wait)
    i.rt_ms2tick                             0x08001d28   Section        0  rt_cmsis.o(i.rt_ms2tick)
    rt_ms2tick                               0x08001d29   Thumb Code    58  rt_cmsis.o(i.rt_ms2tick)
    i.rt_mut_release                         0x08001d6c   Section        0  rt_mutex.o(i.rt_mut_release)
    i.rt_mut_wait                            0x08001e44   Section        0  rt_mutex.o(i.rt_mut_wait)
    i.rt_pop_req                             0x08001ebc   Section        0  rt_system.o(i.rt_pop_req)
    i.rt_psh_req                             0x08001f38   Section        0  rt_system.o(i.rt_psh_req)
    i.rt_psq_enq                             0x08001f58   Section        0  rt_list.o(i.rt_psq_enq)
    i.rt_put_dly                             0x08001fb4   Section        0  rt_list.o(i.rt_put_dly)
    i.rt_put_prio                            0x08001ffc   Section        0  rt_list.o(i.rt_put_prio)
    i.rt_put_rdy_first                       0x08002034   Section        0  rt_list.o(i.rt_put_rdy_first)
    i.rt_resort_prio                         0x08002048   Section        0  rt_list.o(i.rt_resort_prio)
    i.rt_ret_val                             0x0800207c   Section        0  hal_cm.o(i.rt_ret_val)
    i.rt_ret_val2                            0x08002082   Section        0  hal_cm.o(i.rt_ret_val2)
    i.rt_rmv_dly                             0x0800208a   Section        0  rt_list.o(i.rt_rmv_dly)
    i.rt_rmv_list                            0x080020b4   Section        0  rt_list.o(i.rt_rmv_list)
    i.rt_sem_psh                             0x080020e4   Section        0  rt_semaphore.o(i.rt_sem_psh)
    i.rt_stk_check                           0x08002118   Section        0  rt_system.o(i.rt_stk_check)
    i.rt_switch_req                          0x0800213c   Section        0  rt_task.o(i.rt_switch_req)
    i.rt_sys_init                            0x08002164   Section        0  rt_task.o(i.rt_sys_init)
    i.rt_sys_start                           0x08002230   Section        0  rt_task.o(i.rt_sys_start)
    i.rt_systick                             0x080022a8   Section        0  rt_system.o(i.rt_systick)
    i.rt_tid2ptcb                            0x080022e8   Section        0  rt_cmsis.o(i.rt_tid2ptcb)
    rt_tid2ptcb                              0x080022e9   Thumb Code    18  rt_cmsis.o(i.rt_tid2ptcb)
    i.rt_timer_insert                        0x080022fc   Section        0  rt_cmsis.o(i.rt_timer_insert)
    rt_timer_insert                          0x080022fd   Thumb Code    48  rt_cmsis.o(i.rt_timer_insert)
    i.rt_tsk_create                          0x08002330   Section        0  rt_task.o(i.rt_tsk_create)
    i.rt_tsk_delete                          0x080023b8   Section        0  rt_task.o(i.rt_tsk_delete)
    i.rt_tsk_prio                            0x08002534   Section        0  rt_task.o(i.rt_tsk_prio)
    i.rt_tsk_self                            0x080025b0   Section        0  rt_task.o(i.rt_tsk_self)
    i.svcDelay                               0x080025c0   Section        0  rt_cmsis.o(i.svcDelay)
    i.svcKernelInitialize                    0x080025d4   Section        0  rt_cmsis.o(i.svcKernelInitialize)
    i.svcKernelStart                         0x08002644   Section        0  rt_cmsis.o(i.svcKernelStart)
    i.svcMessageCreate                       0x0800268c   Section        0  rt_cmsis.o(i.svcMessageCreate)
    i.svcMessageGet                          0x080026b0   Section        0  rt_cmsis.o(i.svcMessageGet)
    i.svcSignalSet                           0x080026ea   Section        0  rt_cmsis.o(i.svcSignalSet)
    i.svcSignalWait                          0x08002710   Section        0  rt_cmsis.o(i.svcSignalWait)
    i.svcThreadCreate                        0x08002764   Section        0  rt_cmsis.o(i.svcThreadCreate)
    i.svcThreadGetId                         0x080027d0   Section        0  rt_cmsis.o(i.svcThreadGetId)
    i.svcThreadTerminate                     0x080027ec   Section        0  rt_cmsis.o(i.svcThreadTerminate)
    i.svcTimerCall                           0x08002824   Section        0  rt_cmsis.o(i.svcTimerCall)
    i.sysTimerTick                           0x0800283c   Section        0  rt_cmsis.o(i.sysTimerTick)
    .constdata                               0x08002898   Section       16  main.o(.constdata)
    .constdata                               0x080028a8   Section       16  thread_led.o(.constdata)
    .constdata                               0x080028b8   Section       16  thread_usart.o(.constdata)
    .constdata                               0x080028c8   Section      128  valve.o(.constdata)
    .constdata                               0x08002948   Section      104  rtx_conf_cm.o(.constdata)
    __tagsym$$used                           0x08002964   Number         0  rtx_conf_cm.o(.constdata)
    __tagsym$$used                           0x08002968   Number         0  rtx_conf_cm.o(.constdata)
    __tagsym$$used                           0x0800296c   Number         0  rtx_conf_cm.o(.constdata)
    __tagsym$$used                           0x08002970   Number         0  rtx_conf_cm.o(.constdata)
    .data                                    0x20000000   Section        4  main.o(.data)
    .data                                    0x20000004   Section        4  thread_led.o(.data)
    .data                                    0x20000008   Section       54  thread_usart.o(.data)
    .data                                    0x2000003e   Section      512  crc.o(.data)
    .data                                    0x20000240   Section        4  valve.o(.data)
    .data                                    0x20000244   Section       20  rtx_conf_cm.o(.data)
    nr_mutex                                 0x20000254   Data           4  rtx_conf_cm.o(.data)
    .data                                    0x20000258   Section       20  stm32f10x_rcc.o(.data)
    APBAHBPrescTable                         0x20000258   Data          16  stm32f10x_rcc.o(.data)
    ADCPrescTable                            0x20000268   Data           4  stm32f10x_rcc.o(.data)
    .data                                    0x2000026c   Section        8  rt_cmsis.o(.data)
    .data                                    0x20000274   Section        8  rt_task.o(.data)
    .data                                    0x2000027c   Section        8  rt_system.o(.data)
    os_lock                                  0x2000027c   Data           1  rt_system.o(.data)
    os_psh_flag                              0x2000027d   Data           1  rt_system.o(.data)
    pend_flags                               0x2000027e   Data           1  rt_system.o(.data)
    .data                                    0x20000284   Section        4  rt_time.o(.data)
    .data                                    0x20000288   Section        8  rt_robin.o(.data)
    .data                                    0x20000290   Section        1  hal_cm.o(.data)
    .bss                                     0x20000298   Section     3016  rtx_conf_cm.o(.bss)
    std_libspace                             0x20000b40   Data         672  rtx_conf_cm.o(.bss)
    std_libmutex                             0x20000de0   Data         128  rtx_conf_cm.o(.bss)
    .bss                                     0x20000e60   Section       52  rt_task.o(.bss)
    .bss                                     0x20000e94   Section       48  rt_list.o(.bss)
    .bss                                     0x20000ec4   Section       96  libspace.o(.bss)
    HEAP                                     0x20000f28   Section      512  startup_stm32f10x_md.o(HEAP)
    Heap_Mem                                 0x20000f28   Data         512  startup_stm32f10x_md.o(HEAP)
    STACK                                    0x20001128   Section     1024  startup_stm32f10x_md.o(STACK)
    Stack_Mem                                0x20001128   Data        1024  startup_stm32f10x_md.o(STACK)
    __initial_sp                             0x20001528   Data           0  startup_stm32f10x_md.o(STACK)

    Global Symbols

    Symbol Name                              Value     Ov Type        Size  Object(Section)

    BuildAttributes$$THM_ISAv4$P$D$K$B$S$PE$A:L22UL41UL21$X:L11$S22US41US21$IEEE1$IW$USESV6$~STKCKD$USESV7$~SHL$OSPACE$ROPI$EBA8$UX$STANDARDLIB$REQ8$PRES8$EABIv2 0x00000000   Number         0  anon$$obj.o ABSOLUTE
    __ARM_use_no_argv                        0x00000000   Number         0  main.o ABSOLUTE
    __ARM_exceptions_init                     - Undefined Weak Reference
    __alloca_initialize                       - Undefined Weak Reference
    __arm_preinit_                            - Undefined Weak Reference
    __cpp_initialize__aeabi_                  - Undefined Weak Reference
    __cxa_finalize                            - Undefined Weak Reference
    __rt_locale                               - Undefined Weak Reference
    __sigvec_lookup                           - Undefined Weak Reference
    _atexit_init                              - Undefined Weak Reference
    _call_atexit_fns                          - Undefined Weak Reference
    _clock_init                               - Undefined Weak Reference
    _fp_trap_init                             - Undefined Weak Reference
    _fp_trap_shutdown                         - Undefined Weak Reference
    _get_lc_collate                           - Undefined Weak Reference
    _get_lc_ctype                             - Undefined Weak Reference
    _get_lc_monetary                          - Undefined Weak Reference
    _get_lc_numeric                           - Undefined Weak Reference
    _get_lc_time                              - Undefined Weak Reference
    _getenv_init                              - Undefined Weak Reference
    _handle_redirection                       - Undefined Weak Reference
    _init_alloc                               - Undefined Weak Reference
    _init_user_alloc                          - Undefined Weak Reference
    _initio                                   - Undefined Weak Reference
    _rand_init                                - Undefined Weak Reference
    _signal_finish                            - Undefined Weak Reference
    _signal_init                              - Undefined Weak Reference
    _terminate_alloc                          - Undefined Weak Reference
    _terminate_user_alloc                     - Undefined Weak Reference
    _terminateio                              - Undefined Weak Reference
    __Vectors_Size                           0x000000ec   Number         0  startup_stm32f10x_md.o ABSOLUTE
    __RL_RTX_VER                             0x00000482   Number         0  rt_system.o ABSOLUTE
    __Vectors                                0x08000000   Data           4  startup_stm32f10x_md.o(RESET)
    __Vectors_End                            0x080000ec   Data           0  startup_stm32f10x_md.o(RESET)
    __main                                   0x080000ed   Thumb Code     8  __main.o(!!!main)
    __scatterload                            0x080000f5   Thumb Code     0  __scatter.o(!!!scatter)
    __scatterload_rt2                        0x080000f5   Thumb Code    44  __scatter.o(!!!scatter)
    __scatterload_rt2_thumb_only             0x080000f5   Thumb Code     0  __scatter.o(!!!scatter)
    __scatterload_null                       0x08000103   Thumb Code     0  __scatter.o(!!!scatter)
    __decompress                             0x08000129   Thumb Code    90  __dczerorl2.o(!!dczerorl2)
    __decompress1                            0x08000129   Thumb Code     0  __dczerorl2.o(!!dczerorl2)
    __scatterload_zeroinit                   0x08000185   Thumb Code    28  __scatter_zi.o(!!handler_zi)
    __rt_lib_init                            0x080001a1   Thumb Code     0  libinit.o(.ARM.Collect$$libinit$$00000000)
    __rt_lib_init_alloca_1                   0x080001a3   Thumb Code     0  libinit2.o(.ARM.Collect$$libinit$$0000002E)
    __rt_lib_init_argv_1                     0x080001a3   Thumb Code     0  libinit2.o(.ARM.Collect$$libinit$$0000002C)
    __rt_lib_init_atexit_1                   0x080001a3   Thumb Code     0  libinit2.o(.ARM.Collect$$libinit$$0000001B)
    __rt_lib_init_clock_1                    0x080001a3   Thumb Code     0  libinit2.o(.ARM.Collect$$libinit$$00000021)
    __rt_lib_init_cpp_1                      0x080001a3   Thumb Code     0  libinit2.o(.ARM.Collect$$libinit$$00000032)
    __rt_lib_init_exceptions_1               0x080001a3   Thumb Code     0  libinit2.o(.ARM.Collect$$libinit$$00000030)
    __rt_lib_init_fp_1                       0x080001a3   Thumb Code     0  libinit2.o(.ARM.Collect$$libinit$$00000002)
    __rt_lib_init_fp_trap_1                  0x080001a3   Thumb Code     0  libinit2.o(.ARM.Collect$$libinit$$0000001F)
    __rt_lib_init_getenv_1                   0x080001a3   Thumb Code     0  libinit2.o(.ARM.Collect$$libinit$$00000023)
    __rt_lib_init_heap_1                     0x080001a3   Thumb Code     0  libinit2.o(.ARM.Collect$$libinit$$0000000A)
    __rt_lib_init_lc_collate_1               0x080001a3   Thumb Code     0  libinit2.o(.ARM.Collect$$libinit$$00000011)
    __rt_lib_init_lc_ctype_1                 0x080001a3   Thumb Code     0  libinit2.o(.ARM.Collect$$libinit$$00000013)
    __rt_lib_init_lc_monetary_1              0x080001a3   Thumb Code     0  libinit2.o(.ARM.Collect$$libinit$$00000015)
    __rt_lib_init_lc_numeric_1               0x080001a3   Thumb Code     0  libinit2.o(.ARM.Collect$$libinit$$00000017)
    __rt_lib_init_lc_time_1                  0x080001a3   Thumb Code     0  libinit2.o(.ARM.Collect$$libinit$$00000019)
    __rt_lib_init_preinit_1                  0x080001a3   Thumb Code     0  libinit2.o(.ARM.Collect$$libinit$$00000004)
    __rt_lib_init_rand_1                     0x080001a3   Thumb Code     0  libinit2.o(.ARM.Collect$$libinit$$0000000E)
    __rt_lib_init_return                     0x080001a3   Thumb Code     0  libinit2.o(.ARM.Collect$$libinit$$00000033)
    __rt_lib_init_signal_1                   0x080001a3   Thumb Code     0  libinit2.o(.ARM.Collect$$libinit$$0000001D)
    __rt_lib_init_stdio_1                    0x080001a3   Thumb Code     0  libinit2.o(.ARM.Collect$$libinit$$00000025)
    __rt_lib_init_user_alloc_1               0x080001a3   Thumb Code     0  libinit2.o(.ARM.Collect$$libinit$$0000000C)
    __rt_lib_shutdown                        0x080001a5   Thumb Code     0  libshutdown.o(.ARM.Collect$$libshutdown$$00000000)
    __rt_lib_shutdown_cpp_1                  0x080001a7   Thumb Code     0  libshutdown2.o(.ARM.Collect$$libshutdown$$00000002)
    __rt_lib_shutdown_fp_trap_1              0x080001a7   Thumb Code     0  libshutdown2.o(.ARM.Collect$$libshutdown$$00000007)
    __rt_lib_shutdown_heap_1                 0x080001a7   Thumb Code     0  libshutdown2.o(.ARM.Collect$$libshutdown$$0000000F)
    __rt_lib_shutdown_return                 0x080001a7   Thumb Code     0  libshutdown2.o(.ARM.Collect$$libshutdown$$00000010)
    __rt_lib_shutdown_signal_1               0x080001a7   Thumb Code     0  libshutdown2.o(.ARM.Collect$$libshutdown$$0000000A)
    __rt_lib_shutdown_stdio_1                0x080001a7   Thumb Code     0  libshutdown2.o(.ARM.Collect$$libshutdown$$00000004)
    __rt_lib_shutdown_user_alloc_1           0x080001a7   Thumb Code     0  libshutdown2.o(.ARM.Collect$$libshutdown$$0000000C)
    __rt_entry                               0x080001a9   Thumb Code     0  __rtentry.o(.ARM.Collect$$rtentry$$00000000)
    __rt_entry_presh_1                       0x080001a9   Thumb Code     0  __rtentry2.o(.ARM.Collect$$rtentry$$00000002)
    __rt_entry_sh                            0x080001a9   Thumb Code     0  __rtentry4.o(.ARM.Collect$$rtentry$$00000004)
    __rt_entry_li                            0x080001af   Thumb Code     0  __rtentry2.o(.ARM.Collect$$rtentry$$0000000A)
    __rt_entry_postsh_1                      0x080001af   Thumb Code     0  __rtentry2.o(.ARM.Collect$$rtentry$$00000009)
    __rt_entry_postli_1                      0x080001b3   Thumb Code     0  __rtentry2.o(.ARM.Collect$$rtentry$$0000000B)
    __rt_entry_main                          0x080001bb   Thumb Code     0  __rtentry2.o(.ARM.Collect$$rtentry$$0000000D)
    __rt_exit                                0x080001c3   Thumb Code     0  rtexit.o(.ARM.Collect$$rtexit$$00000000)
    __rt_exit_ls                             0x080001c5   Thumb Code     0  rtexit2.o(.ARM.Collect$$rtexit$$00000003)
    __rt_exit_prels_1                        0x080001c5   Thumb Code     0  rtexit2.o(.ARM.Collect$$rtexit$$00000002)
    __rt_exit_exit                           0x080001c9   Thumb Code     0  rtexit2.o(.ARM.Collect$$rtexit$$00000004)
    _platform_post_lib_init                  0x080001d1   Thumb Code    24  rtx_conf_cm.o(.emb_text)
    rt_set_PSP                               0x080001ed   Thumb Code     6  hal_cm3.o(.emb_text)
    rt_get_PSP                               0x080001f3   Thumb Code     6  hal_cm3.o(.emb_text)
    os_set_env                               0x080001f9   Thumb Code    24  hal_cm3.o(.emb_text)
    _alloc_box                               0x08000215   Thumb Code    28  hal_cm3.o(.emb_text)
    _free_box                                0x08000235   Thumb Code    28  hal_cm3.o(.emb_text)
    SVC_Handler                              0x08000255   Thumb Code   108  hal_cm3.o(.emb_text)
    PendSV_Handler                           0x080002cd   Thumb Code    56  hal_cm3.o(.emb_text)
    SysTick_Handler                          0x08000309   Thumb Code     8  hal_cm3.o(.emb_text)
    OS_Tick_Handler                          0x08000311   Thumb Code    12  hal_cm3.o(.emb_text)
    Reset_Handler                            0x0800031d   Thumb Code     8  startup_stm32f10x_md.o(.text)
    NMI_Handler                              0x08000325   Thumb Code     2  startup_stm32f10x_md.o(.text)
    HardFault_Handler                        0x08000327   Thumb Code     2  startup_stm32f10x_md.o(.text)
    MemManage_Handler                        0x08000329   Thumb Code     2  startup_stm32f10x_md.o(.text)
    BusFault_Handler                         0x0800032b   Thumb Code     2  startup_stm32f10x_md.o(.text)
    UsageFault_Handler                       0x0800032d   Thumb Code     2  startup_stm32f10x_md.o(.text)
    DebugMon_Handler                         0x08000331   Thumb Code     2  startup_stm32f10x_md.o(.text)
    ADC1_2_IRQHandler                        0x08000337   Thumb Code     0  startup_stm32f10x_md.o(.text)
    CAN1_RX1_IRQHandler                      0x08000337   Thumb Code     0  startup_stm32f10x_md.o(.text)
    CAN1_SCE_IRQHandler                      0x08000337   Thumb Code     0  startup_stm32f10x_md.o(.text)
    DMA1_Channel1_IRQHandler                 0x08000337   Thumb Code     0  startup_stm32f10x_md.o(.text)
    DMA1_Channel2_IRQHandler                 0x08000337   Thumb Code     0  startup_stm32f10x_md.o(.text)
    DMA1_Channel3_IRQHandler                 0x08000337   Thumb Code     0  startup_stm32f10x_md.o(.text)
    DMA1_Channel4_IRQHandler                 0x08000337   Thumb Code     0  startup_stm32f10x_md.o(.text)
    DMA1_Channel5_IRQHandler                 0x08000337   Thumb Code     0  startup_stm32f10x_md.o(.text)
    DMA1_Channel6_IRQHandler                 0x08000337   Thumb Code     0  startup_stm32f10x_md.o(.text)
    DMA1_Channel7_IRQHandler                 0x08000337   Thumb Code     0  startup_stm32f10x_md.o(.text)
    EXTI0_IRQHandler                         0x08000337   Thumb Code     0  startup_stm32f10x_md.o(.text)
    EXTI15_10_IRQHandler                     0x08000337   Thumb Code     0  startup_stm32f10x_md.o(.text)
    EXTI1_IRQHandler                         0x08000337   Thumb Code     0  startup_stm32f10x_md.o(.text)
    EXTI2_IRQHandler                         0x08000337   Thumb Code     0  startup_stm32f10x_md.o(.text)
    EXTI3_IRQHandler                         0x08000337   Thumb Code     0  startup_stm32f10x_md.o(.text)
    EXTI4_IRQHandler                         0x08000337   Thumb Code     0  startup_stm32f10x_md.o(.text)
    EXTI9_5_IRQHandler                       0x08000337   Thumb Code     0  startup_stm32f10x_md.o(.text)
    FLASH_IRQHandler                         0x08000337   Thumb Code     0  startup_stm32f10x_md.o(.text)
    I2C1_ER_IRQHandler                       0x08000337   Thumb Code     0  startup_stm32f10x_md.o(.text)
    I2C1_EV_IRQHandler                       0x08000337   Thumb Code     0  startup_stm32f10x_md.o(.text)
    I2C2_ER_IRQHandler                       0x08000337   Thumb Code     0  startup_stm32f10x_md.o(.text)
    I2C2_EV_IRQHandler                       0x08000337   Thumb Code     0  startup_stm32f10x_md.o(.text)
    PVD_IRQHandler                           0x08000337   Thumb Code     0  startup_stm32f10x_md.o(.text)
    RCC_IRQHandler                           0x08000337   Thumb Code     0  startup_stm32f10x_md.o(.text)
    RTCAlarm_IRQHandler                      0x08000337   Thumb Code     0  startup_stm32f10x_md.o(.text)
    RTC_IRQHandler                           0x08000337   Thumb Code     0  startup_stm32f10x_md.o(.text)
    SPI1_IRQHandler                          0x08000337   Thumb Code     0  startup_stm32f10x_md.o(.text)
    SPI2_IRQHandler                          0x08000337   Thumb Code     0  startup_stm32f10x_md.o(.text)
    TAMPER_IRQHandler                        0x08000337   Thumb Code     0  startup_stm32f10x_md.o(.text)
    TIM1_BRK_IRQHandler                      0x08000337   Thumb Code     0  startup_stm32f10x_md.o(.text)
    TIM1_CC_IRQHandler                       0x08000337   Thumb Code     0  startup_stm32f10x_md.o(.text)
    TIM1_TRG_COM_IRQHandler                  0x08000337   Thumb Code     0  startup_stm32f10x_md.o(.text)
    TIM1_UP_IRQHandler                       0x08000337   Thumb Code     0  startup_stm32f10x_md.o(.text)
    TIM2_IRQHandler                          0x08000337   Thumb Code     0  startup_stm32f10x_md.o(.text)
    TIM3_IRQHandler                          0x08000337   Thumb Code     0  startup_stm32f10x_md.o(.text)
    TIM4_IRQHandler                          0x08000337   Thumb Code     0  startup_stm32f10x_md.o(.text)
    USART1_IRQHandler                        0x08000337   Thumb Code     0  startup_stm32f10x_md.o(.text)
    USART2_IRQHandler                        0x08000337   Thumb Code     0  startup_stm32f10x_md.o(.text)
    USBWakeUp_IRQHandler                     0x08000337   Thumb Code     0  startup_stm32f10x_md.o(.text)
    USB_HP_CAN1_TX_IRQHandler                0x08000337   Thumb Code     0  startup_stm32f10x_md.o(.text)
    USB_LP_CAN1_RX0_IRQHandler               0x08000337   Thumb Code     0  startup_stm32f10x_md.o(.text)
    WWDG_IRQHandler                          0x08000337   Thumb Code     0  startup_stm32f10x_md.o(.text)
    __user_initial_stackheap                 0x08000339   Thumb Code     0  startup_stm32f10x_md.o(.text)
    __user_libspace                          0x0800035d   Thumb Code     8  libspace.o(.text)
    __user_perproc_libspace                  0x0800035d   Thumb Code     0  libspace.o(.text)
    exit                                     0x08000365   Thumb Code    18  exit.o(.text)
    __use_two_region_memory                  0x08000377   Thumb Code     2  heapauxi.o(.text)
    __rt_heap_escrow$2region                 0x08000379   Thumb Code     2  heapauxi.o(.text)
    __rt_heap_expand$2region                 0x0800037b   Thumb Code     2  heapauxi.o(.text)
    _sys_exit                                0x0800037d   Thumb Code     8  sys_exit.o(.text)
    __user_setup_stackheap                   0x08000389   Thumb Code    74  sys_stackheap_outer.o(.text)
    __I$use$semihosting                      0x080003d3   Thumb Code     0  use_no_semi.o(.text)
    __use_no_semihosting_swi                 0x080003d3   Thumb Code     2  use_no_semi.o(.text)
    SVC_Count                                0x080003d4   Data           4  svc_table.o(SVC_TABLE)
    __semihosting_library_function           0x080003d5   Thumb Code     0  indicate_semi.o(.text)
    GPIO_GetPortClockState                   0x080003d9   Thumb Code   118  gpio_stm32f10x.o(i.GPIO_GetPortClockState)
    SVC_Table                                0x080003d8   Data           0  svc_table.o(SVC_TABLE)
    GPIO_Init                                0x08000471   Thumb Code   278  stm32f10x_gpio.o(i.GPIO_Init)
    GPIO_PinConfigure                        0x08000587   Thumb Code   120  gpio_stm32f10x.o(i.GPIO_PinConfigure)
    GPIO_PinRemapConfig                      0x08000601   Thumb Code   138  stm32f10x_gpio.o(i.GPIO_PinRemapConfig)
    GPIO_PortClock                           0x08000691   Thumb Code   284  gpio_stm32f10x.o(i.GPIO_PortClock)
    GPIO_ResetBits                           0x080007cd   Thumb Code     4  stm32f10x_gpio.o(i.GPIO_ResetBits)
    GPIO_SetBits                             0x080007d1   Thumb Code     4  stm32f10x_gpio.o(i.GPIO_SetBits)
    IWDG_Configuration                       0x080007d5   Thumb Code    34  iwdg.o(i.IWDG_Configuration)
    IWDG_Enable                              0x080007f9   Thumb Code    10  stm32f10x_iwdg.o(i.IWDG_Enable)
    IWDG_ReloadCounter                       0x08000809   Thumb Code    10  stm32f10x_iwdg.o(i.IWDG_ReloadCounter)
    IWDG_SetPrescaler                        0x08000819   Thumb Code     6  stm32f10x_iwdg.o(i.IWDG_SetPrescaler)
    IWDG_SetReload                           0x08000825   Thumb Code     6  stm32f10x_iwdg.o(i.IWDG_SetReload)
    IWDG_WriteAccessCmd                      0x08000831   Thumb Code     6  stm32f10x_iwdg.o(i.IWDG_WriteAccessCmd)
    Init_Thread_LED                          0x0800083d   Thumb Code    34  thread_led.o(i.Init_Thread_LED)
    Init_Thread_USART                        0x08000869   Thumb Code    34  thread_usart.o(i.Init_Thread_USART)
    LED_Init                                 0x08000895   Thumb Code    50  led.o(i.LED_Init)
    NVIC_Init                                0x080008cd   Thumb Code   100  misc.o(i.NVIC_Init)
    NVIC_PriorityGroupConfig                 0x0800093d   Thumb Code    10  misc.o(i.NVIC_PriorityGroupConfig)
    ParseRecieve                             0x08000951   Thumb Code   156  thread_usart.o(i.ParseRecieve)
    RCC_APB1PeriphClockCmd                   0x080009f9   Thumb Code    26  stm32f10x_rcc.o(i.RCC_APB1PeriphClockCmd)
    RCC_APB1PeriphResetCmd                   0x08000a19   Thumb Code    26  stm32f10x_rcc.o(i.RCC_APB1PeriphResetCmd)
    RCC_APB2PeriphClockCmd                   0x08000a39   Thumb Code    26  stm32f10x_rcc.o(i.RCC_APB2PeriphClockCmd)
    RCC_APB2PeriphResetCmd                   0x08000a59   Thumb Code    26  stm32f10x_rcc.o(i.RCC_APB2PeriphResetCmd)
    RCC_ClearFlag                            0x08000a79   Thumb Code    14  stm32f10x_rcc.o(i.RCC_ClearFlag)
    RCC_GetClocksFreq                        0x08000a8d   Thumb Code   192  stm32f10x_rcc.o(i.RCC_GetClocksFreq)
    RCC_GetFlagStatus                        0x08000b61   Thumb Code    56  stm32f10x_rcc.o(i.RCC_GetFlagStatus)
    SystemInit                               0x08000c85   Thumb Code    78  system_stm32f10x.o(i.SystemInit)
    TX_U3_485                                0x08000ce5   Thumb Code    80  thread_usart.o(i.TX_U3_485)
    Thread_IWDG                              0x08000d3d   Thumb Code    14  main.o(i.Thread_IWDG)
    Thread_LED                               0x08000d4d   Thumb Code    24  thread_led.o(i.Thread_LED)
    Thread_USART                             0x08000d69   Thumb Code    56  thread_usart.o(i.Thread_USART)
    USART3_IRQHandler                        0x08000da5   Thumb Code   262  thread_usart.o(i.USART3_IRQHandler)
    USART_ClearFlag                          0x08000ec1   Thumb Code    18  stm32f10x_usart.o(i.USART_ClearFlag)
    USART_ClearITPendingBit                  0x08000ed3   Thumb Code    30  stm32f10x_usart.o(i.USART_ClearITPendingBit)
    USART_Cmd                                0x08000ef1   Thumb Code    24  stm32f10x_usart.o(i.USART_Cmd)
    USART_Config                             0x08000f09   Thumb Code   238  thread_usart.o(i.USART_Config)
    USART_DeInit                             0x08001001   Thumb Code   134  stm32f10x_usart.o(i.USART_DeInit)
    USART_GetFlagStatus                      0x0800109d   Thumb Code    26  stm32f10x_usart.o(i.USART_GetFlagStatus)
    USART_ITConfig                           0x080010b7   Thumb Code    74  stm32f10x_usart.o(i.USART_ITConfig)
    USART_Init                               0x08001101   Thumb Code   210  stm32f10x_usart.o(i.USART_Init)
    USART_SendData                           0x080011d9   Thumb Code     8  stm32f10x_usart.o(i.USART_SendData)
    ValveCtrl                                0x080011e1   Thumb Code    72  valve.o(i.ValveCtrl)
    Valve_Initialize                         0x0800122d   Thumb Code   102  valve.o(i.Valve_Initialize)
    Valve_Off                                0x0800129d   Thumb Code    44  valve.o(i.Valve_Off)
    Valve_On                                 0x080012cd   Thumb Code    44  valve.o(i.Valve_On)
    Valve_Set                                0x080012fd   Thumb Code    26  valve.o(i.Valve_Set)
    Valve_SetOut                             0x08001317   Thumb Code    40  valve.o(i.Valve_SetOut)
    _init_box                                0x0800133f   Thumb Code    70  rt_membox.o(i._init_box)
    _mutex_acquire                           0x08001385   Thumb Code    22  rtx_conf_cm.o(i._mutex_acquire)
    _mutex_release                           0x080013a5   Thumb Code    18  rtx_conf_cm.o(i._mutex_release)
    crc16                                    0x080013c1   Thumb Code    48  crc.o(i.crc16)
    dbg_init                                 0x080013f9   Thumb Code    34  hal_cm.o(i.dbg_init)
    dbg_task_notify                          0x08001429   Thumb Code    32  hal_cm.o(i.dbg_task_notify)
    dbg_task_switch                          0x08001449   Thumb Code    16  hal_cm.o(i.dbg_task_switch)
    isrMessageGet                            0x08001459   Thumb Code    42  rt_cmsis.o(i.isrMessageGet)
    isrMessagePut                            0x08001483   Thumb Code    44  rt_cmsis.o(i.isrMessagePut)
    isrSignalSet                             0x080014af   Thumb Code    36  rt_cmsis.o(i.isrSignalSet)
    isr_evt_set                              0x080014d5   Thumb Code    34  rt_event.o(i.isr_evt_set)
    isr_mbx_receive                          0x080014fd   Thumb Code    86  rt_mailbox.o(i.isr_mbx_receive)
    isr_mbx_send                             0x08001553   Thumb Code    14  rt_mailbox.o(i.isr_mbx_send)
    main                                     0x08001561   Thumb Code    58  main.o(i.main)
    osDelay                                  0x080015a5   Thumb Code    18  rt_cmsis.o(i.osDelay)
    osKernelInitialize                       0x080015bd   Thumb Code    30  rt_cmsis.o(i.osKernelInitialize)
    osKernelStart                            0x080015e1   Thumb Code    98  rt_cmsis.o(i.osKernelStart)
    osMessageGet                             0x0800164d   Thumb Code    18  rt_cmsis.o(i.osMessageGet)
    osSignalSet                              0x08001665   Thumb Code    18  rt_cmsis.o(i.osSignalSet)
    osSignalWait                             0x0800167d   Thumb Code    18  rt_cmsis.o(i.osSignalWait)
    osThreadCreate                           0x08001695   Thumb Code    36  rt_cmsis.o(i.osThreadCreate)
    osThreadExit                             0x080016c1   Thumb Code    14  rt_cmsis.o(i.osThreadExit)
    osTimerCall                              0x080016d9   Thumb Code     8  rt_cmsis.o(i.osTimerCall)
    osTimerThread                            0x080016e5   Thumb Code    38  rt_cmsis.o(i.osTimerThread)
    os_error                                 0x08001711   Thumb Code    34  rtx_conf_cm.o(i.os_error)
    os_idle_demon                            0x08001733   Thumb Code     4  rtx_conf_cm.o(i.os_idle_demon)
    os_tick_init                             0x08001739   Thumb Code    32  rt_system.o(i.os_tick_init)
    os_tick_irqack                           0x08001761   Thumb Code     2  rt_system.o(i.os_tick_irqack)
    rt_alloc_box                             0x08001763   Thumb Code    26  rt_membox.o(i.rt_alloc_box)
    rt_alloc_mem                             0x0800177d   Thumb Code    62  rt_memory.o(i.rt_alloc_mem)
    rt_block                                 0x080017bd   Thumb Code    48  rt_task.o(i.rt_block)
    rt_chk_robin                             0x080017f5   Thumb Code    60  rt_robin.o(i.rt_chk_robin)
    rt_dec_dly                               0x0800183d   Thumb Code   102  rt_list.o(i.rt_dec_dly)
    rt_dispatch                              0x080018ad   Thumb Code    60  rt_task.o(i.rt_dispatch)
    rt_dly_wait                              0x080018f1   Thumb Code     6  rt_time.o(i.rt_dly_wait)
    rt_evt_psh                               0x080018f9   Thumb Code    76  rt_event.o(i.rt_evt_psh)
    rt_evt_set                               0x08001949   Thumb Code    88  rt_event.o(i.rt_evt_set)
    rt_evt_wait                              0x080019a5   Thumb Code    56  rt_event.o(i.rt_evt_wait)
    rt_free_box                              0x080019e1   Thumb Code    44  rt_membox.o(i.rt_free_box)
    rt_free_mem                              0x08001a0d   Thumb Code    40  rt_memory.o(i.rt_free_mem)
    rt_get_first                             0x08001a35   Thumb Code    40  rt_list.o(i.rt_get_first)
    rt_init_mem                              0x08001aad   Thumb Code    26  rt_memory.o(i.rt_init_mem)
    rt_init_robin                            0x08001ac9   Thumb Code    14  rt_robin.o(i.rt_init_robin)
    rt_init_stack                            0x08001ae1   Thumb Code   118  hal_cm.o(i.rt_init_stack)
    rt_mbx_check                             0x08001b61   Thumb Code     8  rt_mailbox.o(i.rt_mbx_check)
    rt_mbx_init                              0x08001b69   Thumb Code    26  rt_mailbox.o(i.rt_mbx_init)
    rt_mbx_psh                               0x08001b85   Thumb Code   236  rt_mailbox.o(i.rt_mbx_psh)
    rt_mbx_wait                              0x08001c75   Thumb Code   174  rt_mailbox.o(i.rt_mbx_wait)
    rt_mut_release                           0x08001d6d   Thumb Code   208  rt_mutex.o(i.rt_mut_release)
    rt_mut_wait                              0x08001e45   Thumb Code   114  rt_mutex.o(i.rt_mut_wait)
    rt_pop_req                               0x08001ebd   Thumb Code   112  rt_system.o(i.rt_pop_req)
    rt_psh_req                               0x08001f39   Thumb Code    22  rt_system.o(i.rt_psh_req)
    rt_psq_enq                               0x08001f59   Thumb Code    88  rt_list.o(i.rt_psq_enq)
    rt_put_dly                               0x08001fb5   Thumb Code    68  rt_list.o(i.rt_put_dly)
    rt_put_prio                              0x08001ffd   Thumb Code    54  rt_list.o(i.rt_put_prio)
    rt_put_rdy_first                         0x08002035   Thumb Code    14  rt_list.o(i.rt_put_rdy_first)
    rt_resort_prio                           0x08002049   Thumb Code    46  rt_list.o(i.rt_resort_prio)
    rt_ret_val                               0x0800207d   Thumb Code     6  hal_cm.o(i.rt_ret_val)
    rt_ret_val2                              0x08002083   Thumb Code     8  hal_cm.o(i.rt_ret_val2)
    rt_rmv_dly                               0x0800208b   Thumb Code    40  rt_list.o(i.rt_rmv_dly)
    rt_rmv_list                              0x080020b5   Thumb Code    44  rt_list.o(i.rt_rmv_list)
    rt_sem_psh                               0x080020e5   Thumb Code    48  rt_semaphore.o(i.rt_sem_psh)
    rt_stk_check                             0x08002119   Thumb Code    28  rt_system.o(i.rt_stk_check)
    rt_switch_req                            0x0800213d   Thumb Code    30  rt_task.o(i.rt_switch_req)
    rt_sys_init                              0x08002165   Thumb Code   138  rt_task.o(i.rt_sys_init)
    rt_sys_start                             0x08002231   Thumb Code   110  rt_task.o(i.rt_sys_start)
    rt_systick                               0x080022a9   Thumb Code    50  rt_system.o(i.rt_systick)
    rt_tsk_create                            0x08002331   Thumb Code   118  rt_task.o(i.rt_tsk_create)
    rt_tsk_delete                            0x080023b9   Thumb Code   352  rt_task.o(i.rt_tsk_delete)
    rt_tsk_prio                              0x08002535   Thumb Code   108  rt_task.o(i.rt_tsk_prio)
    rt_tsk_self                              0x080025b1   Thumb Code    12  rt_task.o(i.rt_tsk_self)
    svcDelay                                 0x080025c1   Thumb Code    18  rt_cmsis.o(i.svcDelay)
    svcKernelInitialize                      0x080025d5   Thumb Code    80  rt_cmsis.o(i.svcKernelInitialize)
    svcKernelStart                           0x08002645   Thumb Code    62  rt_cmsis.o(i.svcKernelStart)
    svcMessageCreate                         0x0800268d   Thumb Code    36  rt_cmsis.o(i.svcMessageCreate)
    svcMessageGet                            0x080026b1   Thumb Code    58  rt_cmsis.o(i.svcMessageGet)
    svcSignalSet                             0x080026eb   Thumb Code    36  rt_cmsis.o(i.svcSignalSet)
    svcSignalWait                            0x08002711   Thumb Code    80  rt_cmsis.o(i.svcSignalWait)
    svcThreadCreate                          0x08002765   Thumb Code    96  rt_cmsis.o(i.svcThreadCreate)
    svcThreadGetId                           0x080027d1   Thumb Code    22  rt_cmsis.o(i.svcThreadGetId)
    svcThreadTerminate                       0x080027ed   Thumb Code    50  rt_cmsis.o(i.svcThreadTerminate)
    svcTimerCall                             0x08002825   Thumb Code    24  rt_cmsis.o(i.svcTimerCall)
    sysTimerTick                             0x0800283d   Thumb Code    84  rt_cmsis.o(i.sysTimerTick)
    os_thread_def_Thread_IWDG                0x08002898   Data          16  main.o(.constdata)
    os_thread_def_Thread_LED                 0x080028a8   Data          16  thread_led.o(.constdata)
    os_thread_def_Thread_USART               0x080028b8   Data          16  thread_usart.o(.constdata)
    Pin_Valve                                0x080028c8   Data         128  valve.o(.constdata)
    os_maxtaskrun                            0x08002948   Data           2  rtx_conf_cm.o(.constdata)
    os_stackinfo                             0x0800294c   Data           4  rtx_conf_cm.o(.constdata)
    os_rrobin                                0x08002950   Data           4  rtx_conf_cm.o(.constdata)
    os_tickfreq                              0x08002954   Data           4  rtx_conf_cm.o(.constdata)
    os_tickus_i                              0x08002958   Data           2  rtx_conf_cm.o(.constdata)
    os_tickus_f                              0x0800295a   Data           2  rtx_conf_cm.o(.constdata)
    os_trv                                   0x0800295c   Data           4  rtx_conf_cm.o(.constdata)
    os_flags                                 0x08002960   Data           1  rtx_conf_cm.o(.constdata)
    CMSIS_RTOS_API_Version                   0x08002964   Data           4  rtx_conf_cm.o(.constdata)
    CMSIS_RTOS_RTX_Version                   0x08002968   Data           4  rtx_conf_cm.o(.constdata)
    os_clockrate                             0x0800296c   Data           4  rtx_conf_cm.o(.constdata)
    os_timernum                              0x08002970   Data           4  rtx_conf_cm.o(.constdata)
    mp_tcb_size                              0x08002974   Data           2  rtx_conf_cm.o(.constdata)
    mp_stk_size                              0x08002978   Data           4  rtx_conf_cm.o(.constdata)
    os_stack_sz                              0x0800297c   Data           4  rtx_conf_cm.o(.constdata)
    os_fifo_size                             0x08002980   Data           1  rtx_conf_cm.o(.constdata)
    os_thread_def_osTimerThread              0x08002984   Data          16  rtx_conf_cm.o(.constdata)
    os_messageQ_def_osTimerMessageQ          0x08002994   Data           8  rtx_conf_cm.o(.constdata)
    mp_tmr_size                              0x0800299c   Data           2  rtx_conf_cm.o(.constdata)
    os_thread_def_main                       0x080029a0   Data          16  rtx_conf_cm.o(.constdata)
    Region$$Table$$Base                      0x080029b0   Number         0  anon$$obj.o(Region$$Table)
    Region$$Table$$Limit                     0x080029d0   Number         0  anon$$obj.o(Region$$Table)
    tid_IWDG                                 0x20000000   Data           4  main.o(.data)
    tid_Thread_LED                           0x20000004   Data           4  thread_led.o(.data)
    tid_Thread_USART                         0x20000008   Data           4  thread_usart.o(.data)
    U3RecLen                                 0x2000000c   Data           1  thread_usart.o(.data)
    U3RecBuf                                 0x2000000d   Data           8  thread_usart.o(.data)
    U3RxBuf                                  0x20000015   Data           8  thread_usart.o(.data)
    U3SendBuf                                0x2000001d   Data          33  thread_usart.o(.data)
    auchCRCHi                                0x2000003e   Data         256  crc.o(.data)
    auchCRCLo                                0x2000013e   Data         256  crc.o(.data)
    OnOffFlag                                0x20000240   Data           4  valve.o(.data)
    osThreadId_osTimerThread                 0x20000244   Data           4  rtx_conf_cm.o(.data)
    osMessageQId_osTimerMessageQ             0x20000248   Data           4  rtx_conf_cm.o(.data)
    os_tmr                                   0x2000024c   Data           4  rtx_conf_cm.o(.data)
    m_tmr                                    0x20000250   Data           4  rtx_conf_cm.o(.data)
    os_initialized                           0x2000026c   Data           1  rt_cmsis.o(.data)
    os_running                               0x2000026d   Data           1  rt_cmsis.o(.data)
    os_timer_head                            0x20000270   Data           4  rt_cmsis.o(.data)
    os_tsk                                   0x20000274   Data           8  rt_task.o(.data)
    os_tick_irqn                             0x20000280   Data           4  rt_system.o(.data)
    os_time                                  0x20000284   Data           4  rt_time.o(.data)
    os_robin                                 0x20000288   Data           8  rt_robin.o(.data)
    dbg_msg                                  0x20000290   Data           1  hal_cm.o(.data)
    mp_tcb                                   0x20000298   Data         376  rtx_conf_cm.o(.bss)
    mp_stk                                   0x20000410   Data        1216  rtx_conf_cm.o(.bss)
    os_stack_mem                             0x200008d0   Data         432  rtx_conf_cm.o(.bss)
    os_fifo                                  0x20000a80   Data         132  rtx_conf_cm.o(.bss)
    os_active_TCB                            0x20000b04   Data          28  rtx_conf_cm.o(.bss)
    os_messageQ_q_osTimerMessageQ            0x20000b20   Data          32  rtx_conf_cm.o(.bss)
    os_idle_TCB                              0x20000e60   Data          52  rt_task.o(.bss)
    os_rdy                                   0x20000e94   Data          24  rt_list.o(.bss)
    os_dly                                   0x20000eac   Data          24  rt_list.o(.bss)
    __libspace_start                         0x20000ec4   Data          96  libspace.o(.bss)
    __temporary_stack_top$libspace           0x20000f24   Data           0  libspace.o(.bss)



==============================================================================

Memory Map of the image

  Image Entry point : 0x080000ed

  Load Region LR_IROM1 (Base: 0x08000000, Size: 0x00002c64, Max: 0x00010000, ABSOLUTE, COMPRESSED[0x00002b10])

    Execution Region ER_IROM1 (Base: 0x08000000, Size: 0x000029d0, Max: 0x00010000, ABSOLUTE)

    Base Addr    Size         Type   Attr      Idx    E Section Name        Object

    0x08000000   0x000000ec   Data   RO         1098    RESET               startup_stm32f10x_md.o
    0x080000ec   0x00000008   Code   RO         2368  * !!!main             c_w.l(__main.o)
    0x080000f4   0x00000034   Code   RO         2531    !!!scatter          c_w.l(__scatter.o)
    0x08000128   0x0000005a   Code   RO         2529    !!dczerorl2         c_w.l(__dczerorl2.o)
    0x08000182   0x00000002   PAD
    0x08000184   0x0000001c   Code   RO         2533    !!handler_zi        c_w.l(__scatter_zi.o)
    0x080001a0   0x00000002   Code   RO         2415    .ARM.Collect$$libinit$$00000000  c_w.l(libinit.o)
    0x080001a2   0x00000000   Code   RO         2427    .ARM.Collect$$libinit$$00000002  c_w.l(libinit2.o)
    0x080001a2   0x00000000   Code   RO         2429    .ARM.Collect$$libinit$$00000004  c_w.l(libinit2.o)
    0x080001a2   0x00000000   Code   RO         2432    .ARM.Collect$$libinit$$0000000A  c_w.l(libinit2.o)
    0x080001a2   0x00000000   Code   RO         2434    .ARM.Collect$$libinit$$0000000C  c_w.l(libinit2.o)
    0x080001a2   0x00000000   Code   RO         2436    .ARM.Collect$$libinit$$0000000E  c_w.l(libinit2.o)
    0x080001a2   0x00000000   Code   RO         2439    .ARM.Collect$$libinit$$00000011  c_w.l(libinit2.o)
    0x080001a2   0x00000000   Code   RO         2441    .ARM.Collect$$libinit$$00000013  c_w.l(libinit2.o)
    0x080001a2   0x00000000   Code   RO         2443    .ARM.Collect$$libinit$$00000015  c_w.l(libinit2.o)
    0x080001a2   0x00000000   Code   RO         2445    .ARM.Collect$$libinit$$00000017  c_w.l(libinit2.o)
    0x080001a2   0x00000000   Code   RO         2447    .ARM.Collect$$libinit$$00000019  c_w.l(libinit2.o)
    0x080001a2   0x00000000   Code   RO         2449    .ARM.Collect$$libinit$$0000001B  c_w.l(libinit2.o)
    0x080001a2   0x00000000   Code   RO         2451    .ARM.Collect$$libinit$$0000001D  c_w.l(libinit2.o)
    0x080001a2   0x00000000   Code   RO         2453    .ARM.Collect$$libinit$$0000001F  c_w.l(libinit2.o)
    0x080001a2   0x00000000   Code   RO         2455    .ARM.Collect$$libinit$$00000021  c_w.l(libinit2.o)
    0x080001a2   0x00000000   Code   RO         2457    .ARM.Collect$$libinit$$00000023  c_w.l(libinit2.o)
    0x080001a2   0x00000000   Code   RO         2459    .ARM.Collect$$libinit$$00000025  c_w.l(libinit2.o)
    0x080001a2   0x00000000   Code   RO         2463    .ARM.Collect$$libinit$$0000002C  c_w.l(libinit2.o)
    0x080001a2   0x00000000   Code   RO         2465    .ARM.Collect$$libinit$$0000002E  c_w.l(libinit2.o)
    0x080001a2   0x00000000   Code   RO         2467    .ARM.Collect$$libinit$$00000030  c_w.l(libinit2.o)
    0x080001a2   0x00000000   Code   RO         2469    .ARM.Collect$$libinit$$00000032  c_w.l(libinit2.o)
    0x080001a2   0x00000002   Code   RO         2470    .ARM.Collect$$libinit$$00000033  c_w.l(libinit2.o)
    0x080001a4   0x00000002   Code   RO         2416    .ARM.Collect$$libshutdown$$00000000  c_w.l(libshutdown.o)
    0x080001a6   0x00000000   Code   RO         2472    .ARM.Collect$$libshutdown$$00000002  c_w.l(libshutdown2.o)
    0x080001a6   0x00000000   Code   RO         2474    .ARM.Collect$$libshutdown$$00000004  c_w.l(libshutdown2.o)
    0x080001a6   0x00000000   Code   RO         2477    .ARM.Collect$$libshutdown$$00000007  c_w.l(libshutdown2.o)
    0x080001a6   0x00000000   Code   RO         2480    .ARM.Collect$$libshutdown$$0000000A  c_w.l(libshutdown2.o)
    0x080001a6   0x00000000   Code   RO         2482    .ARM.Collect$$libshutdown$$0000000C  c_w.l(libshutdown2.o)
    0x080001a6   0x00000000   Code   RO         2485    .ARM.Collect$$libshutdown$$0000000F  c_w.l(libshutdown2.o)
    0x080001a6   0x00000002   Code   RO         2486    .ARM.Collect$$libshutdown$$00000010  c_w.l(libshutdown2.o)
    0x080001a8   0x00000000   Code   RO         2370    .ARM.Collect$$rtentry$$00000000  c_w.l(__rtentry.o)
    0x080001a8   0x00000000   Code   RO         2378    .ARM.Collect$$rtentry$$00000002  c_w.l(__rtentry2.o)
    0x080001a8   0x00000006   Code   RO         2390    .ARM.Collect$$rtentry$$00000004  c_w.l(__rtentry4.o)
    0x080001ae   0x00000000   Code   RO         2380    .ARM.Collect$$rtentry$$00000009  c_w.l(__rtentry2.o)
    0x080001ae   0x00000004   Code   RO         2381    .ARM.Collect$$rtentry$$0000000A  c_w.l(__rtentry2.o)
    0x080001b2   0x00000008   Code   RO         2382    .ARM.Collect$$rtentry$$0000000B  c_w.l(__rtentry2.o)
    0x080001ba   0x00000008   Code   RO         2384    .ARM.Collect$$rtentry$$0000000D  c_w.l(__rtentry2.o)
    0x080001c2   0x00000002   Code   RO         2371    .ARM.Collect$$rtexit$$00000000  c_w.l(rtexit.o)
    0x080001c4   0x00000000   Code   RO         2393    .ARM.Collect$$rtexit$$00000002  c_w.l(rtexit2.o)
    0x080001c4   0x00000004   Code   RO         2394    .ARM.Collect$$rtexit$$00000003  c_w.l(rtexit2.o)
    0x080001c8   0x00000006   Code   RO         2395    .ARM.Collect$$rtexit$$00000004  c_w.l(rtexit2.o)
    0x080001ce   0x00000002   PAD
    0x080001d0   0x0000001c   Code   RO          364    .emb_text           rtx_conf_cm.o
    0x080001ec   0x00000130   Code   RO         2344    .emb_text           RTX_CM3.lib(hal_cm3.o)
    0x0800031c   0x00000040   Code   RO         1099    .text               startup_stm32f10x_md.o
    0x0800035c   0x00000008   Code   RO         2359    .text               c_w.l(libspace.o)
    0x08000364   0x00000012   Code   RO         2364    .text               c_w.l(exit.o)
    0x08000376   0x00000006   Code   RO         2366    .text               c_w.l(heapauxi.o)
    0x0800037c   0x0000000c   Code   RO         2401    .text               c_w.l(sys_exit.o)
    0x08000388   0x0000004a   Code   RO         2403    .text               c_w.l(sys_stackheap_outer.o)
    0x080003d2   0x00000002   Code   RO         2417    .text               c_w.l(use_no_semi.o)
    0x080003d4   0x00000000   Code   RO         2419    .text               c_w.l(indicate_semi.o)
    0x080003d4   0x00000004   Code   RO         2354    SVC_TABLE           RTX_CM3.lib(svc_table.o)
    0x080003d8   0x00000098   Code   RO         1058    i.GPIO_GetPortClockState  gpio_stm32f10x.o
    0x08000470   0x00000116   Code   RO          479    i.GPIO_Init         stm32f10x_gpio.o
    0x08000586   0x00000078   Code   RO         1059    i.GPIO_PinConfigure  gpio_stm32f10x.o
    0x080005fe   0x00000002   PAD
    0x08000600   0x00000090   Code   RO          481    i.GPIO_PinRemapConfig  stm32f10x_gpio.o
    0x08000690   0x0000013c   Code   RO         1060    i.GPIO_PortClock    gpio_stm32f10x.o
    0x080007cc   0x00000004   Code   RO          486    i.GPIO_ResetBits    stm32f10x_gpio.o
    0x080007d0   0x00000004   Code   RO          487    i.GPIO_SetBits      stm32f10x_gpio.o
    0x080007d4   0x00000022   Code   RO          178    i.IWDG_Configuration  iwdg.o
    0x080007f6   0x00000002   PAD
    0x080007f8   0x00000010   Code   RO          599    i.IWDG_Enable       stm32f10x_iwdg.o
    0x08000808   0x00000010   Code   RO          601    i.IWDG_ReloadCounter  stm32f10x_iwdg.o
    0x08000818   0x0000000c   Code   RO          602    i.IWDG_SetPrescaler  stm32f10x_iwdg.o
    0x08000824   0x0000000c   Code   RO          603    i.IWDG_SetReload    stm32f10x_iwdg.o
    0x08000830   0x0000000c   Code   RO          604    i.IWDG_WriteAccessCmd  stm32f10x_iwdg.o
    0x0800083c   0x0000002c   Code   RO          144    i.Init_Thread_LED   thread_led.o
    0x08000868   0x0000002c   Code   RO          208    i.Init_Thread_USART  thread_usart.o
    0x08000894   0x00000038   Code   RO          117    i.LED_Init          led.o
    0x080008cc   0x00000070   Code   RO          425    i.NVIC_Init         misc.o
    0x0800093c   0x00000014   Code   RO          426    i.NVIC_PriorityGroupConfig  misc.o
    0x08000950   0x000000a8   Code   RO          209    i.ParseRecieve      thread_usart.o
    0x080009f8   0x00000020   Code   RO          655    i.RCC_APB1PeriphClockCmd  stm32f10x_rcc.o
    0x08000a18   0x00000020   Code   RO          656    i.RCC_APB1PeriphResetCmd  stm32f10x_rcc.o
    0x08000a38   0x00000020   Code   RO          657    i.RCC_APB2PeriphClockCmd  stm32f10x_rcc.o
    0x08000a58   0x00000020   Code   RO          658    i.RCC_APB2PeriphResetCmd  stm32f10x_rcc.o
    0x08000a78   0x00000014   Code   RO          661    i.RCC_ClearFlag     stm32f10x_rcc.o
    0x08000a8c   0x000000d4   Code   RO          665    i.RCC_GetClocksFreq  stm32f10x_rcc.o
    0x08000b60   0x0000003c   Code   RO          666    i.RCC_GetFlagStatus  stm32f10x_rcc.o
    0x08000b9c   0x00000008   Code   RO         1106    i.SetSysClock       system_stm32f10x.o
    0x08000ba4   0x000000e0   Code   RO         1107    i.SetSysClockTo72   system_stm32f10x.o
    0x08000c84   0x00000060   Code   RO         1109    i.SystemInit        system_stm32f10x.o
    0x08000ce4   0x00000058   Code   RO          210    i.TX_U3_485         thread_usart.o
    0x08000d3c   0x0000000e   Code   RO            4    i.Thread_IWDG       main.o
    0x08000d4a   0x00000002   PAD
    0x08000d4c   0x0000001c   Code   RO          145    i.Thread_LED        thread_led.o
    0x08000d68   0x0000003c   Code   RO          211    i.Thread_USART      thread_usart.o
    0x08000da4   0x0000011c   Code   RO          212    i.USART3_IRQHandler  thread_usart.o
    0x08000ec0   0x00000012   Code   RO          865    i.USART_ClearFlag   stm32f10x_usart.o
    0x08000ed2   0x0000001e   Code   RO          866    i.USART_ClearITPendingBit  stm32f10x_usart.o
    0x08000ef0   0x00000018   Code   RO          869    i.USART_Cmd         stm32f10x_usart.o
    0x08000f08   0x000000f8   Code   RO          213    i.USART_Config      thread_usart.o
    0x08001000   0x0000009c   Code   RO          871    i.USART_DeInit      stm32f10x_usart.o
    0x0800109c   0x0000001a   Code   RO          872    i.USART_GetFlagStatus  stm32f10x_usart.o
    0x080010b6   0x0000004a   Code   RO          875    i.USART_ITConfig    stm32f10x_usart.o
    0x08001100   0x000000d8   Code   RO          876    i.USART_Init        stm32f10x_usart.o
    0x080011d8   0x00000008   Code   RO          886    i.USART_SendData    stm32f10x_usart.o
    0x080011e0   0x0000004c   Code   RO          294    i.ValveCtrl         valve.o
    0x0800122c   0x00000070   Code   RO          296    i.Valve_Initialize  valve.o
    0x0800129c   0x00000030   Code   RO          297    i.Valve_Off         valve.o
    0x080012cc   0x00000030   Code   RO          298    i.Valve_On          valve.o
    0x080012fc   0x0000001a   Code   RO          299    i.Valve_Set         valve.o
    0x08001316   0x00000028   Code   RO          300    i.Valve_SetOut      valve.o
    0x0800133e   0x00000046   Code   RO         2243    i._init_box         RTX_CM3.lib(rt_membox.o)
    0x08001384   0x00000020   Code   RO          366    i._mutex_acquire    rtx_conf_cm.o
    0x080013a4   0x0000001c   Code   RO          368    i._mutex_release    rtx_conf_cm.o
    0x080013c0   0x00000038   Code   RO          276    i.crc16             crc.o
    0x080013f8   0x00000030   Code   RO         2296    i.dbg_init          RTX_CM3.lib(hal_cm.o)
    0x08001428   0x00000020   Code   RO         2297    i.dbg_task_notify   RTX_CM3.lib(hal_cm.o)
    0x08001448   0x00000010   Code   RO         2298    i.dbg_task_switch   RTX_CM3.lib(hal_cm.o)
    0x08001458   0x0000002a   Code   RO         1152    i.isrMessageGet     RTX_CM3.lib(rt_cmsis.o)
    0x08001482   0x0000002c   Code   RO         1153    i.isrMessagePut     RTX_CM3.lib(rt_cmsis.o)
    0x080014ae   0x00000024   Code   RO         1155    i.isrSignalSet      RTX_CM3.lib(rt_cmsis.o)
    0x080014d2   0x00000002   PAD
    0x080014d4   0x00000028   Code   RO         1980    i.isr_evt_set       RTX_CM3.lib(rt_event.o)
    0x080014fc   0x00000056   Code   RO         2098    i.isr_mbx_receive   RTX_CM3.lib(rt_mailbox.o)
    0x08001552   0x0000000e   Code   RO         2099    i.isr_mbx_send      RTX_CM3.lib(rt_mailbox.o)
    0x08001560   0x00000044   Code   RO            5    i.main              main.o
    0x080015a4   0x00000018   Code   RO         1156    i.osDelay           RTX_CM3.lib(rt_cmsis.o)
    0x080015bc   0x00000024   Code   RO         1157    i.osKernelInitialize  RTX_CM3.lib(rt_cmsis.o)
    0x080015e0   0x0000006c   Code   RO         1159    i.osKernelStart     RTX_CM3.lib(rt_cmsis.o)
    0x0800164c   0x00000018   Code   RO         1168    i.osMessageGet      RTX_CM3.lib(rt_cmsis.o)
    0x08001664   0x00000018   Code   RO         1183    i.osSignalSet       RTX_CM3.lib(rt_cmsis.o)
    0x0800167c   0x00000018   Code   RO         1184    i.osSignalWait      RTX_CM3.lib(rt_cmsis.o)
    0x08001694   0x0000002c   Code   RO         1185    i.osThreadCreate    RTX_CM3.lib(rt_cmsis.o)
    0x080016c0   0x00000018   Code   RO         1186    i.osThreadExit      RTX_CM3.lib(rt_cmsis.o)
    0x080016d8   0x0000000c   Code   RO         1192    i.osTimerCall       RTX_CM3.lib(rt_cmsis.o)
    0x080016e4   0x0000002c   Code   RO         1197    i.osTimerThread     RTX_CM3.lib(rt_cmsis.o)
    0x08001710   0x00000022   Code   RO          369    i.os_error          rtx_conf_cm.o
    0x08001732   0x00000004   Code   RO          370    i.os_idle_demon     rtx_conf_cm.o
    0x08001736   0x00000002   PAD
    0x08001738   0x00000028   Code   RO         1890    i.os_tick_init      RTX_CM3.lib(rt_system.o)
    0x08001760   0x00000002   Code   RO         1891    i.os_tick_irqack    RTX_CM3.lib(rt_system.o)
    0x08001762   0x0000001a   Code   RO         2244    i.rt_alloc_box      RTX_CM3.lib(rt_membox.o)
    0x0800177c   0x0000003e   Code   RO         2272    i.rt_alloc_mem      RTX_CM3.lib(rt_memory.o)
    0x080017ba   0x00000002   PAD
    0x080017bc   0x00000038   Code   RO         1771    i.rt_block          RTX_CM3.lib(rt_task.o)
    0x080017f4   0x00000048   Code   RO         2221    i.rt_chk_robin      RTX_CM3.lib(rt_robin.o)
    0x0800183c   0x00000070   Code   RO         2022    i.rt_dec_dly        RTX_CM3.lib(rt_list.o)
    0x080018ac   0x00000044   Code   RO         1772    i.rt_dispatch       RTX_CM3.lib(rt_task.o)
    0x080018f0   0x00000006   Code   RO         2188    i.rt_dly_wait       RTX_CM3.lib(rt_time.o)
    0x080018f6   0x00000002   PAD
    0x080018f8   0x00000050   Code   RO         1983    i.rt_evt_psh        RTX_CM3.lib(rt_event.o)
    0x08001948   0x0000005c   Code   RO         1984    i.rt_evt_set        RTX_CM3.lib(rt_event.o)
    0x080019a4   0x0000003c   Code   RO         1985    i.rt_evt_wait       RTX_CM3.lib(rt_event.o)
    0x080019e0   0x0000002c   Code   RO         2245    i.rt_free_box       RTX_CM3.lib(rt_membox.o)
    0x08001a0c   0x00000028   Code   RO         2273    i.rt_free_mem       RTX_CM3.lib(rt_memory.o)
    0x08001a34   0x00000028   Code   RO         2023    i.rt_get_first      RTX_CM3.lib(rt_list.o)
    0x08001a5c   0x00000008   Code   RO         1202    i.rt_id2obj         RTX_CM3.lib(rt_cmsis.o)
    0x08001a64   0x00000048   Code   RO         1773    i.rt_init_context   RTX_CM3.lib(rt_task.o)
    0x08001aac   0x0000001a   Code   RO         2274    i.rt_init_mem       RTX_CM3.lib(rt_memory.o)
    0x08001ac6   0x00000002   PAD
    0x08001ac8   0x00000018   Code   RO         2222    i.rt_init_robin     RTX_CM3.lib(rt_robin.o)
    0x08001ae0   0x00000080   Code   RO         2299    i.rt_init_stack     RTX_CM3.lib(hal_cm.o)
    0x08001b60   0x00000008   Code   RO         2100    i.rt_mbx_check      RTX_CM3.lib(rt_mailbox.o)
    0x08001b68   0x0000001a   Code   RO         2101    i.rt_mbx_init       RTX_CM3.lib(rt_mailbox.o)
    0x08001b82   0x00000002   PAD
    0x08001b84   0x000000f0   Code   RO         2102    i.rt_mbx_psh        RTX_CM3.lib(rt_mailbox.o)
    0x08001c74   0x000000b4   Code   RO         2104    i.rt_mbx_wait       RTX_CM3.lib(rt_mailbox.o)
    0x08001d28   0x00000044   Code   RO         1203    i.rt_ms2tick        RTX_CM3.lib(rt_cmsis.o)
    0x08001d6c   0x000000d8   Code   RO         1857    i.rt_mut_release    RTX_CM3.lib(rt_mutex.o)
    0x08001e44   0x00000078   Code   RO         1858    i.rt_mut_wait       RTX_CM3.lib(rt_mutex.o)
    0x08001ebc   0x0000007c   Code   RO         1894    i.rt_pop_req        RTX_CM3.lib(rt_system.o)
    0x08001f38   0x00000020   Code   RO         1895    i.rt_psh_req        RTX_CM3.lib(rt_system.o)
    0x08001f58   0x0000005c   Code   RO         2025    i.rt_psq_enq        RTX_CM3.lib(rt_list.o)
    0x08001fb4   0x00000048   Code   RO         2026    i.rt_put_dly        RTX_CM3.lib(rt_list.o)
    0x08001ffc   0x00000036   Code   RO         2027    i.rt_put_prio       RTX_CM3.lib(rt_list.o)
    0x08002032   0x00000002   PAD
    0x08002034   0x00000014   Code   RO         2028    i.rt_put_rdy_first  RTX_CM3.lib(rt_list.o)
    0x08002048   0x00000034   Code   RO         2029    i.rt_resort_prio    RTX_CM3.lib(rt_list.o)
    0x0800207c   0x00000006   Code   RO         2300    i.rt_ret_val        RTX_CM3.lib(hal_cm.o)
    0x08002082   0x00000008   Code   RO         2301    i.rt_ret_val2       RTX_CM3.lib(hal_cm.o)
    0x0800208a   0x00000028   Code   RO         2030    i.rt_rmv_dly        RTX_CM3.lib(rt_list.o)
    0x080020b2   0x00000002   PAD
    0x080020b4   0x00000030   Code   RO         2031    i.rt_rmv_list       RTX_CM3.lib(rt_list.o)
    0x080020e4   0x00000034   Code   RO         2149    i.rt_sem_psh        RTX_CM3.lib(rt_semaphore.o)
    0x08002118   0x00000024   Code   RO         1897    i.rt_stk_check      RTX_CM3.lib(rt_system.o)
    0x0800213c   0x00000028   Code   RO         1774    i.rt_switch_req     RTX_CM3.lib(rt_task.o)
    0x08002164   0x000000cc   Code   RO         1775    i.rt_sys_init       RTX_CM3.lib(rt_task.o)
    0x08002230   0x00000078   Code   RO         1776    i.rt_sys_start      RTX_CM3.lib(rt_task.o)
    0x080022a8   0x00000040   Code   RO         1899    i.rt_systick        RTX_CM3.lib(rt_system.o)
    0x080022e8   0x00000012   Code   RO         1204    i.rt_tid2ptcb       RTX_CM3.lib(rt_cmsis.o)
    0x080022fa   0x00000002   PAD
    0x080022fc   0x00000034   Code   RO         1205    i.rt_timer_insert   RTX_CM3.lib(rt_cmsis.o)
    0x08002330   0x00000088   Code   RO         1777    i.rt_tsk_create     RTX_CM3.lib(rt_task.o)
    0x080023b8   0x0000017c   Code   RO         1778    i.rt_tsk_delete     RTX_CM3.lib(rt_task.o)
    0x08002534   0x0000007c   Code   RO         1780    i.rt_tsk_prio       RTX_CM3.lib(rt_task.o)
    0x080025b0   0x00000010   Code   RO         1781    i.rt_tsk_self       RTX_CM3.lib(rt_task.o)
    0x080025c0   0x00000012   Code   RO         1207    i.svcDelay          RTX_CM3.lib(rt_cmsis.o)
    0x080025d2   0x00000002   PAD
    0x080025d4   0x00000070   Code   RO         1208    i.svcKernelInitialize  RTX_CM3.lib(rt_cmsis.o)
    0x08002644   0x00000048   Code   RO         1210    i.svcKernelStart    RTX_CM3.lib(rt_cmsis.o)
    0x0800268c   0x00000024   Code   RO         1213    i.svcMessageCreate  RTX_CM3.lib(rt_cmsis.o)
    0x080026b0   0x0000003a   Code   RO         1214    i.svcMessageGet     RTX_CM3.lib(rt_cmsis.o)
    0x080026ea   0x00000024   Code   RO         1226    i.svcSignalSet      RTX_CM3.lib(rt_cmsis.o)
    0x0800270e   0x00000002   PAD
    0x08002710   0x00000054   Code   RO         1227    i.svcSignalWait     RTX_CM3.lib(rt_cmsis.o)
    0x08002764   0x0000006c   Code   RO         1228    i.svcThreadCreate   RTX_CM3.lib(rt_cmsis.o)
    0x080027d0   0x0000001c   Code   RO         1229    i.svcThreadGetId    RTX_CM3.lib(rt_cmsis.o)
    0x080027ec   0x00000038   Code   RO         1232    i.svcThreadTerminate  RTX_CM3.lib(rt_cmsis.o)
    0x08002824   0x00000018   Code   RO         1234    i.svcTimerCall      RTX_CM3.lib(rt_cmsis.o)
    0x0800283c   0x0000005c   Code   RO         1243    i.sysTimerTick      RTX_CM3.lib(rt_cmsis.o)
    0x08002898   0x00000010   Data   RO            6    .constdata          main.o
    0x080028a8   0x00000010   Data   RO          146    .constdata          thread_led.o
    0x080028b8   0x00000010   Data   RO          215    .constdata          thread_usart.o
    0x080028c8   0x00000080   Data   RO          302    .constdata          valve.o
    0x08002948   0x00000068   Data   RO          372    .constdata          rtx_conf_cm.o
    0x080029b0   0x00000020   Data   RO         2527    Region$$Table       anon$$obj.o


    Execution Region RW_IRAM1 (Base: 0x20000000, Size: 0x00001528, Max: 0x00005000, ABSOLUTE, COMPRESSED[0x00000140])

    Base Addr    Size         Type   Attr      Idx    E Section Name        Object

    0x20000000   0x00000004   Data   RW            7    .data               main.o
    0x20000004   0x00000004   Data   RW          147    .data               thread_led.o
    0x20000008   0x00000036   Data   RW          216    .data               thread_usart.o
    0x2000003e   0x00000200   Data   RW          277    .data               crc.o
    0x2000023e   0x00000002   PAD
    0x20000240   0x00000004   Data   RW          303    .data               valve.o
    0x20000244   0x00000014   Data   RW          373    .data               rtx_conf_cm.o
    0x20000258   0x00000014   Data   RW          685    .data               stm32f10x_rcc.o
    0x2000026c   0x00000008   Data   RW         1246    .data               RTX_CM3.lib(rt_cmsis.o)
    0x20000274   0x00000008   Data   RW         1783    .data               RTX_CM3.lib(rt_task.o)
    0x2000027c   0x00000008   Data   RW         1902    .data               RTX_CM3.lib(rt_system.o)
    0x20000284   0x00000004   Data   RW         2192    .data               RTX_CM3.lib(rt_time.o)
    0x20000288   0x00000008   Data   RW         2223    .data               RTX_CM3.lib(rt_robin.o)
    0x20000290   0x00000001   Data   RW         2302    .data               RTX_CM3.lib(hal_cm.o)
    0x20000291   0x00000007   PAD
    0x20000298   0x00000bc8   Zero   RW          371    .bss                rtx_conf_cm.o
    0x20000e60   0x00000034   Zero   RW         1782    .bss                RTX_CM3.lib(rt_task.o)
    0x20000e94   0x00000030   Zero   RW         2032    .bss                RTX_CM3.lib(rt_list.o)
    0x20000ec4   0x00000060   Zero   RW         2360    .bss                c_w.l(libspace.o)
    0x20000f24   0x00000004   PAD
    0x20000f28   0x00000200   Zero   RW         1097    HEAP                startup_stm32f10x_md.o
    0x20001128   0x00000400   Zero   RW         1096    STACK               startup_stm32f10x_md.o


==============================================================================

Image component sizes


      Code (inc. data)   RO Data    RW Data    ZI Data      Debug   Object Name

        56          8          0        512          0       1142   crc.o
       588         66          0          0          0       2674   gpio_stm32f10x.o
        34          0          0          0          0        437   iwdg.o
        56          6          0          0          0        443   led.o
        82         10         16          4          0     240228   main.o
       132         22          0          0          0       1691   misc.o
       126         26        104         20       3016       9071   rtx_conf_cm.o
        64         26        236          0       1536        808   startup_stm32f10x_md.o
       430          6          0          0          0       4086   stm32f10x_gpio.o
        68         30          0          0          0       2642   stm32f10x_iwdg.o
       420         54          0         20          0       7020   stm32f10x_rcc.o
       552         28          0          0          0       7020   stm32f10x_usart.o
       328         28          0          0          0       1949   system_stm32f10x.o
        72         14         16          4          0       1481   thread_led.o
       892         66         16         54          0       4655   thread_usart.o
       350         22        128          4          0       7243   valve.o

    ----------------------------------------------------------------------
      4258        412        548        620       4552     292590   Object Totals
         0          0         32          0          0          0   (incl. Generated)
         8          0          0          2          0          0   (incl. Padding)

    ----------------------------------------------------------------------

      Code (inc. data)   RO Data    RW Data    ZI Data      Debug   Library Member Name

       238         24          0          1          0       3312   hal_cm.o
       304         36          0          0          0        768   hal_cm3.o
      1356        160          0          8          0      36170   rt_cmsis.o
       272         18          0          0          0       2650   rt_event.o
       530         34          0          0         48       8253   rt_list.o
       554         10          0          0          0       3949   rt_mailbox.o
       140          0          0          0          0       1925   rt_membox.o
       128          0          0          0          0       2307   rt_memory.o
       336         14          0          0          0       1643   rt_mutex.o
        96         22          0          8          0       1158   rt_robin.o
        52          4          0          0          0        573   rt_semaphore.o
       298         52          0          8          0       6223   rt_system.o
      1216        174          0          8         52       9649   rt_task.o
         6          0          0          4          0        652   rt_time.o
         4          4          0          0          0        208   svc_table.o
        90          0          0          0          0          0   __dczerorl2.o
         8          0          0          0          0         68   __main.o
         0          0          0          0          0          0   __rtentry.o
        20          0          0          0          0          0   __rtentry2.o
         6          0          0          0          0          0   __rtentry4.o
        52          8          0          0          0          0   __scatter.o
        28          0          0          0          0          0   __scatter_zi.o
        18          0          0          0          0         80   exit.o
         6          0          0          0          0        152   heapauxi.o
         0          0          0          0          0          0   indicate_semi.o
         2          0          0          0          0          0   libinit.o
         2          0          0          0          0          0   libinit2.o
         2          0          0          0          0          0   libshutdown.o
         2          0          0          0          0          0   libshutdown2.o
         8          4          0          0         96         68   libspace.o
         2          0          0          0          0          0   rtexit.o
        10          0          0          0          0          0   rtexit2.o
        12          4          0          0          0         68   sys_exit.o
        74          0          0          0          0         80   sys_stackheap_outer.o
         2          0          0          0          0         68   use_no_semi.o

    ----------------------------------------------------------------------
      5898        568          0         40        204      80024   Library Totals
        24          0          0          3          8          0   (incl. Padding)

    ----------------------------------------------------------------------

      Code (inc. data)   RO Data    RW Data    ZI Data      Debug   Library Name

      5530        552          0         37        100      79440   RTX_CM3.lib
       344         16          0          0         96        584   c_w.l

    ----------------------------------------------------------------------
      5898        568          0         40        204      80024   Library Totals

    ----------------------------------------------------------------------

==============================================================================


      Code (inc. data)   RO Data    RW Data    ZI Data      Debug   

     10156        980        548        660       4756     365694   Grand Totals
     10156        980        548        320       4756     365694   ELF Image Totals (compressed)
     10156        980        548        320          0          0   ROM Totals

==============================================================================

    Total RO  Size (Code + RO Data)                10704 (  10.45kB)
    Total RW  Size (RW Data + ZI Data)              5416 (   5.29kB)
    Total ROM Size (Code + RO Data + RW Data)      11024 (  10.77kB)

==============================================================================

